C:/Users/bjsek/OneDrive/Documents/GitHub/robocup-embedded/stm32/Core/Src/main.c:104:5:main	1
C:/Users/bjsek/OneDrive/Documents/GitHub/robocup-embedded/stm32/Core/Src/main.c:196:6:SystemClock_Config	4
C:/Users/bjsek/OneDrive/Documents/GitHub/robocup-embedded/stm32/Core/Src/main.c:259:13:MX_FDCAN1_Init	2
C:/Users/bjsek/OneDrive/Documents/GitHub/robocup-embedded/stm32/Core/Src/main.c:312:13:MX_I2C1_Init	4
C:/Users/bjsek/OneDrive/Documents/GitHub/robocup-embedded/stm32/Core/Src/main.c:360:13:MX_SPI2_Init	2
C:/Users/bjsek/OneDrive/Documents/GitHub/robocup-embedded/stm32/Core/Src/main.c:408:13:MX_TIM1_Init	6
C:/Users/bjsek/OneDrive/Documents/GitHub/robocup-embedded/stm32/Core/Src/main.c:468:13:MX_UART4_Init	5
C:/Users/bjsek/OneDrive/Documents/GitHub/robocup-embedded/stm32/Core/Src/main.c:514:13:MX_DMA_Init	1
C:/Users/bjsek/OneDrive/Documents/GitHub/robocup-embedded/stm32/Core/Src/main.c:541:13:MX_GPIO_Init	1
C:/Users/bjsek/OneDrive/Documents/GitHub/robocup-embedded/stm32/Core/Src/main.c:570:6:StartDefaultTask	1
C:/Users/bjsek/OneDrive/Documents/GitHub/robocup-embedded/stm32/Core/Src/main.c:588:6:StartMotorControlTask	1
C:/Users/bjsek/OneDrive/Documents/GitHub/robocup-embedded/stm32/Core/Src/main.c:601:6:MPU_Config	1
C:/Users/bjsek/OneDrive/Documents/GitHub/robocup-embedded/stm32/Core/Src/main.c:636:6:HAL_TIM_PeriodElapsedCallback	2
C:/Users/bjsek/OneDrive/Documents/GitHub/robocup-embedded/stm32/Core/Src/main.c:654:6:Error_Handler	1
