C:/Users/bjsek/OneDrive/Documents/GitHub/robocup-embedded/stm32/Core/Src/main.c:137:5:main	1
C:/Users/bjsek/OneDrive/Documents/GitHub/robocup-embedded/stm32/Core/Src/main.c:241:6:SystemClock_Config	4
C:/Users/bjsek/OneDrive/Documents/GitHub/robocup-embedded/stm32/Core/Src/main.c:304:13:MX_FDCAN1_Init	2
C:/Users/bjsek/OneDrive/Documents/GitHub/robocup-embedded/stm32/Core/Src/main.c:357:13:MX_I2C1_Init	4
C:/Users/bjsek/OneDrive/Documents/GitHub/robocup-embedded/stm32/Core/Src/main.c:405:13:MX_SPI2_Init	2
C:/Users/bjsek/OneDrive/Documents/GitHub/robocup-embedded/stm32/Core/Src/main.c:453:13:MX_TIM1_Init	6
C:/Users/bjsek/OneDrive/Documents/GitHub/robocup-embedded/stm32/Core/Src/main.c:513:13:MX_UART4_Init	5
C:/Users/bjsek/OneDrive/Documents/GitHub/robocup-embedded/stm32/Core/Src/main.c:559:13:MX_DMA_Init	1
C:/Users/bjsek/OneDrive/Documents/GitHub/robocup-embedded/stm32/Core/Src/main.c:586:13:MX_GPIO_Init	1
C:/Users/bjsek/OneDrive/Documents/GitHub/robocup-embedded/stm32/Core/Src/main.c:605:6:HAL_FDCAN_RxFifo0Callback	1
C:/Users/bjsek/OneDrive/Documents/GitHub/robocup-embedded/stm32/Core/Src/main.c:619:6:StartIdleTask	1
C:/Users/bjsek/OneDrive/Documents/GitHub/robocup-embedded/stm32/Core/Src/main.c:637:6:StartMotorControlTask	1
C:/Users/bjsek/OneDrive/Documents/GitHub/robocup-embedded/stm32/Core/Src/main.c:655:6:StartSensorTask	1
C:/Users/bjsek/OneDrive/Documents/GitHub/robocup-embedded/stm32/Core/Src/main.c:673:6:StartActuatorTask	1
C:/Users/bjsek/OneDrive/Documents/GitHub/robocup-embedded/stm32/Core/Src/main.c:691:6:StartESPCommTask	1
C:/Users/bjsek/OneDrive/Documents/GitHub/robocup-embedded/stm32/Core/Src/main.c:704:6:MPU_Config	1
C:/Users/bjsek/OneDrive/Documents/GitHub/robocup-embedded/stm32/Core/Src/main.c:739:6:HAL_TIM_PeriodElapsedCallback	2
C:/Users/bjsek/OneDrive/Documents/GitHub/robocup-embedded/stm32/Core/Src/main.c:757:6:Error_Handler	1
