Archive member included to satisfy reference by file (symbol)

C:\Users\bjsek\Documents\GitHub\robocup-embedded\robocup\robocup\build\build_unoq/core\core.a(IPAddress.cpp.o)
                              C:\Users\bjsek\Documents\GitHub\robocup-embedded\robocup\robocup\build\build_unoq\sketch\robocup.ino.cpp.o (vtable for arduino::IPAddress)
C:\Users\bjsek\Documents\GitHub\robocup-embedded\robocup\robocup\build\build_unoq/core\core.a(Print.cpp.o)
                              C:\Users\bjsek\Documents\GitHub\robocup-embedded\robocup\robocup\build\build_unoq\sketch\WiFiControl.cpp.o (arduino::Print::print(char const*))
C:\Users\bjsek\Documents\GitHub\robocup-embedded\robocup\robocup\build\build_unoq/core\core.a(Stream.cpp.o)
                              C:\Users\bjsek\Documents\GitHub\robocup-embedded\robocup\robocup\build\build_unoq\sketch\robocup.ino.cpp.o (arduino::Stream::setTimeout(unsigned long))
C:\Users\bjsek\Documents\GitHub\robocup-embedded\robocup\robocup\build\build_unoq/core\core.a(String.cpp.o)
                              C:\Users\bjsek\Documents\GitHub\robocup-embedded\robocup\robocup\build\build_unoq\sketch\LEDControl.cpp.o (arduino::String::String(arduino::String&&))
C:\Users\bjsek\Documents\GitHub\robocup-embedded\robocup\robocup\build\build_unoq/core\core.a(itoa.cpp.o)
                              C:\Users\bjsek\Documents\GitHub\robocup-embedded\robocup\robocup\build\build_unoq/core\core.a(String.cpp.o) (dtostrf)
C:\Users\bjsek\Documents\GitHub\robocup-embedded\robocup\robocup\build\build_unoq/core\core.a(llext_wrappers.c.o)
                              C:\Users\bjsek\Documents\GitHub\robocup-embedded\robocup\robocup\build\build_unoq\sketch\LEDControl.cpp.o (memcpy)
C:\Users\bjsek\Documents\GitHub\robocup-embedded\robocup\robocup\build\build_unoq/core\core.a(main.cpp.o)
                              (main)
C:\Users\bjsek\Documents\GitHub\robocup-embedded\robocup\robocup\build\build_unoq/core\core.a(new.cpp.o)
                              C:\Users\bjsek\Documents\GitHub\robocup-embedded\robocup\robocup\build\build_unoq\sketch\LEDControl.cpp.o (operator new(unsigned int))
C:\Users\bjsek\Documents\GitHub\robocup-embedded\robocup\robocup\build\build_unoq/core\core.a(threads.cpp.o)
                              C:\Users\bjsek\Documents\GitHub\robocup-embedded\robocup\robocup\build\build_unoq/core\core.a(main.cpp.o) (start_static_threads())
C:\Users\bjsek\Documents\GitHub\robocup-embedded\robocup\robocup\build\build_unoq/core\core.a(zephyrCommon.cpp.o)
                              C:\Users\bjsek\Documents\GitHub\robocup-embedded\robocup\robocup\build\build_unoq\sketch\LEDControl.cpp.o (pinMode)
C:\Users\bjsek\Documents\GitHub\robocup-embedded\robocup\robocup\build\build_unoq/core\core.a(zephyrSerial.cpp.o)
                              C:\Users\bjsek\Documents\GitHub\robocup-embedded\robocup\robocup\build\build_unoq\libraries\Arduino_RouterBridge\singletons.cpp.o (Serial2)
C:\Users\bjsek\Documents\GitHub\robocup-embedded\robocup\robocup\build\build_unoq/core\core.a(Common.cpp.o)
                              C:\Users\bjsek\Documents\GitHub\robocup-embedded\robocup\robocup\build\build_unoq/core\core.a(zephyrCommon.cpp.o) (map(long, long, long, long, long))
c:/users/bjsek/appdata/local/arduino15/internal/zephyr_arm-zephyr-eabi_0.16.8_1e671266f3459ec3/bin/../lib/gcc/arm-zephyr-eabi/12.2.0/../../../../arm-zephyr-eabi/lib/thumb/v8-m.main+fp/hard\libstdc++_nano.a(functexcept.o)
                              C:\Users\bjsek\Documents\GitHub\robocup-embedded\robocup\robocup\build\build_unoq\sketch\LEDControl.cpp.o (std::__throw_bad_alloc())

Discarded input sections

 .group         0x0000000000000000       0x2c C:\Users\bjsek\Documents\GitHub\robocup-embedded\robocup\robocup\build\build_unoq\sketch\LEDControl.cpp.o
 .group         0x0000000000000000        0x8 C:\Users\bjsek\Documents\GitHub\robocup-embedded\robocup\robocup\build\build_unoq\sketch\LEDControl.cpp.o
 .group         0x0000000000000000        0x8 C:\Users\bjsek\Documents\GitHub\robocup-embedded\robocup\robocup\build\build_unoq\sketch\LEDControl.cpp.o
 .group         0x0000000000000000        0x8 C:\Users\bjsek\Documents\GitHub\robocup-embedded\robocup\robocup\build\build_unoq\sketch\LEDControl.cpp.o
 .group         0x0000000000000000        0xc C:\Users\bjsek\Documents\GitHub\robocup-embedded\robocup\robocup\build\build_unoq\sketch\LEDControl.cpp.o
 .group         0x0000000000000000        0x8 C:\Users\bjsek\Documents\GitHub\robocup-embedded\robocup\robocup\build\build_unoq\sketch\LEDControl.cpp.o
 .group         0x0000000000000000        0xc C:\Users\bjsek\Documents\GitHub\robocup-embedded\robocup\robocup\build\build_unoq\sketch\LEDControl.cpp.o
 .group         0x0000000000000000        0xc C:\Users\bjsek\Documents\GitHub\robocup-embedded\robocup\robocup\build\build_unoq\sketch\LEDControl.cpp.o
[...]
Memory Configuration

Name             Origin             Length             Attributes
*default*        0x0000000000000000 0xffffffffffffffff

Linker script and memory map

LOAD c:/users/bjsek/appdata/local/arduino15/internal/zephyr_arm-zephyr-eabi_0.16.8_1e671266f3459ec3/bin/../lib/gcc/arm-zephyr-eabi/12.2.0/../../../../arm-zephyr-eabi/lib/thumb/v8-m.main+fp/hard\libstdc++_nano.a
LOAD c:/users/bjsek/appdata/local/arduino15/internal/zephyr_arm-zephyr-eabi_0.16.8_1e671266f3459ec3/bin/../lib/gcc/arm-zephyr-eabi/12.2.0/../../../../arm-zephyr-eabi/lib/thumb/v8-m.main+fp/hard\libsupc++_nano.a
LOAD c:/users/bjsek/appdata/local/arduino15/internal/zephyr_arm-zephyr-eabi_0.16.8_1e671266f3459ec3/bin/../lib/gcc/arm-zephyr-eabi/12.2.0/../../../../arm-zephyr-eabi/lib/thumb/v8-m.main+fp/hard\libnosys.a
LOAD C:\Users\bjsek\Documents\GitHub\robocup-embedded\robocup\robocup\build\build_unoq\sketch\LEDControl.cpp.o
LOAD C:\Users\bjsek\Documents\GitHub\robocup-embedded\robocup\robocup\build\build_unoq\sketch\WiFiControl.cpp.o
LOAD C:\Users\bjsek\Documents\GitHub\robocup-embedded\robocup\robocup\build\build_unoq\sketch\robocup.ino.cpp.o
LOAD C:\Users\bjsek\Documents\GitHub\robocup-embedded\robocup\robocup\build\build_unoq\libraries\Arduino_RouterBridge\singletons.cpp.o
LOAD C:\Users\bjsek\Documents\GitHub\robocup-embedded\robocup\robocup\build\build_unoq\core\analogReference.cpp.o
START GROUP
LOAD C:\Users\bjsek\Documents\GitHub\robocup-embedded\robocup\robocup\build\build_unoq/core\core.a
LOAD c:/users/bjsek/appdata/local/arduino15/internal/zephyr_arm-zephyr-eabi_0.16.8_1e671266f3459ec3/bin/../lib/gcc/arm-zephyr-eabi/12.2.0/../../../../arm-zephyr-eabi/lib/thumb/v8-m.main+fp/hard\libstdc++_nano.a
LOAD c:/users/bjsek/appdata/local/arduino15/internal/zephyr_arm-zephyr-eabi_0.16.8_1e671266f3459ec3/bin/../lib/gcc/arm-zephyr-eabi/12.2.0/../../../../arm-zephyr-eabi/lib/thumb/v8-m.main+fp/hard\libsupc++_nano.a
LOAD c:/users/bjsek/appdata/local/arduino15/internal/zephyr_arm-zephyr-eabi_0.16.8_1e671266f3459ec3/bin/../lib/gcc/arm-zephyr-eabi/12.2.0/../../../../arm-zephyr-eabi/lib/thumb/v8-m.main+fp/hard\libm_nano.a
END GROUP

/DISCARD/
 *(.ARM.attributes)
 *(.ARM.attributes.*)
 *(.ARM.exidx)
 *(.ARM.exidx.*)
 *(.ARM.extidx)
 *(.ARM.extidx.*)
 *(.ARM.extab)
 *(.ARM.extab.*)
 *(.comment)
 *(.comment.*)
 *(.llvmbc)
 *(.llvmcmd)
 *(.eh_frame)
 *stdexcept.o()
 *eh_*.o()
 *cow-stdexcept.o()
 *cow-string-inst.o()

.text           0x0000000000000000     0x8ca8
 *(.text)
 *(.stub)
 *(.text*)
 .text.__tcf_0  0x0000000000000000       0x10 C:\Users\bjsek\Documents\GitHub\robocup-embedded\robocup\robocup\build\build_unoq\sketch\LEDControl.cpp.o
 .text._ZSt14__relocate_a_1IhhENSt9enable_ifIXsrSt24__is_bitwise_relocatableIT_vE5valueEPS2_E4typeES4_S4_S4_RSaIT0_E.isra.0
                0x0000000000000010       0x20 C:\Users\bjsek\Documents\GitHub\robocup-embedded\robocup\robocup\build\build_unoq\sketch\LEDControl.cpp.o
 .text._ZNSt12_Vector_baseIhSaIhEE11_M_allocateEj.isra.0
                0x0000000000000030       0x20 C:\Users\bjsek\Documents\GitHub\robocup-embedded\robocup\robocup\build\build_unoq\sketch\LEDControl.cpp.o
 .text.k_mutex_unlock.isra.0
                0x0000000000000050        0x8 C:\Users\bjsek\Documents\GitHub\robocup-embedded\robocup\robocup\build\build_unoq\sketch\LEDControl.cpp.o
 .text._ZN7arduino7msgpack8Unpacker11deserializeEv
                0x0000000000000058       0x16 C:\Users\bjsek\Documents\GitHub\robocup-embedded\robocup\robocup\build\build_unoq\sketch\LEDControl.cpp.o
                0x0000000000000058                arduino::msgpack::Unpacker::deserialize()
 .text._ZN7arduino7msgpack8Unpacker5clearEv
                0x000000000000006e       0x14 C:\Users\bjsek\Documents\GitHub\robocup-embedded\robocup\robocup\build\build_unoq\sketch\LEDControl.cpp.o
                0x000000000000006e                arduino::msgpack::Unpacker::clear()
 .text._ZNK7arduino7msgpack8Unpacker13getRawBytePtrEjj
                0x0000000000000082       0x1e C:\Users\bjsek\Documents\GitHub\robocup-embedded\robocup\robocup\build\build_unoq\sketch\LEDControl.cpp.o
                0x0000000000000082                arduino::msgpack::Unpacker::getRawBytePtr(unsigned int, unsigned int) const
 .text._Z7initLEDv
                0x00000000000000a0        0xc C:\Users\bjsek\Documents\GitHub\robocup-embedded\robocup\robocup\build\build_unoq\sketch\LEDControl.cpp.o
                0x00000000000000a0                initLED()
 .text._Z5LEDonv
                0x00000000000000ac        0xc C:\Users\bjsek\Documents\GitHub\robocup-embedded\robocup\robocup\build\build_unoq\sketch\LEDControl.cpp.o
                0x00000000000000ac                LEDon()
 .text._Z6LEDoffv
                0x00000000000000b8        0xc C:\Users\bjsek\Documents\GitHub\robocup-embedded\robocup\robocup\build\build_unoq\sketch\LEDControl.cpp.o
                0x00000000000000b8                LEDoff()
 .text._Z14blocking_blinktt
                0x00000000000000c4       0x44 C:\Users\bjsek\Documents\GitHub\robocup-embedded\robocup\robocup\build\build_unoq\sketch\LEDControl.cpp.o
                0x00000000000000c4                blocking_blink(unsigned short, unsigned short)
 .text._ZNSt12_Vector_baseIhSaIhEED2Ev
                0x0000000000000108       0x18 C:\Users\bjsek\Documents\GitHub\robocup-embedded\robocup\robocup\build\build_unoq\sketch\LEDControl.cpp.o
                0x0000000000000108                std::_Vector_base<unsigned char, std::allocator<unsigned char> >::~_Vector_base()
                0x0000000000000108                std::_Vector_base<unsigned char, std::allocator<unsigned char> >::~_Vector_base()
 .text.__tcf_2  0x0000000000000120       0x14 C:\Users\bjsek\Documents\GitHub\robocup-embedded\robocup\robocup\build\build_unoq\sketch\LEDControl.cpp.o
 .text.__tcf_1  0x0000000000000134       0x14 C:\Users\bjsek\Documents\GitHub\robocup-embedded\robocup\robocup\build\build_unoq\sketch\LEDControl.cpp.o
 .text._ZNSt6vectorIhSaIhEE14_M_move_assignEOS1_St17integral_constantIbLb1EE.isra.0
                0x0000000000000148       0x34 C:\Users\bjsek\Documents\GitHub\robocup-embedded\robocup\robocup\build\build_unoq\sketch\LEDControl.cpp.o
 .text._ZNK7arduino7msgpack8Unpacker11getRawBytesIhEET_jj
                0x000000000000017c       0x1e C:\Users\bjsek\Documents\GitHub\robocup-embedded\robocup\robocup\build\build_unoq\sketch\LEDControl.cpp.o
                0x000000000000017c                unsigned char arduino::msgpack::Unpacker::getRawBytes<unsigned char>(unsigned int, unsigned int) const
 *fill*         0x000000000000019a        0x2 
 .text._ZNK7arduino7msgpack8Unpacker7getTypeEj
                0x000000000000019c       0x58 C:\Users\bjsek\Documents\GitHub\robocup-embedded\robocup\robocup\build\build_unoq\sketch\LEDControl.cpp.o
                0x000000000000019c                arduino::msgpack::Unpacker::getType(unsigned int) const
 .text._ZNK7arduino7msgpack8Unpacker7getTypeEv
                0x00000000000001f4       0x10 C:\Users\bjsek\Documents\GitHub\robocup-embedded\robocup\robocup\build\build_unoq\sketch\LEDControl.cpp.o
                0x00000000000001f4                arduino::msgpack::Unpacker::getType() const
 .text._ZNK7arduino7msgpack8Unpacker7isArrayEv
                0x0000000000000204       0x20 C:\Users\bjsek\Documents\GitHub\robocup-embedded\robocup\robocup\build\build_unoq\sketch\LEDControl.cpp.o
                0x0000000000000204                arduino::msgpack::Unpacker::isArray() const
 .text._ZN7arduino7msgpack8Unpacker11unpackInt32Ev
                0x0000000000000224       0x58 C:\Users\bjsek\Documents\GitHub\robocup-embedded\robocup\robocup\build\build_unoq\sketch\LEDControl.cpp.o
                0x0000000000000224                arduino::msgpack::Unpacker::unpackInt32()
 .text._ZN7arduino7msgpack8Unpacker11unpackInt64Ev
                0x000000000000027c       0x60 C:\Users\bjsek\Documents\GitHub\robocup-embedded\robocup\robocup\build\build_unoq\sketch\LEDControl.cpp.o
                0x000000000000027c                arduino::msgpack::Unpacker::unpackInt64()
 .text._ZNK7arduino7msgpack8Unpacker5isMapEv
                0x00000000000002dc       0x20 C:\Users\bjsek\Documents\GitHub\robocup-embedded\robocup\robocup\build\build_unoq\sketch\LEDControl.cpp.o
                0x00000000000002dc                arduino::msgpack::Unpacker::isMap() const
 .text._ZNK7arduino7msgpack8Unpacker5isIntEv
                0x00000000000002fc       0x20 C:\Users\bjsek\Documents\GitHub\robocup-embedded\robocup\robocup\build\build_unoq\sketch\LEDControl.cpp.o
                0x00000000000002fc                arduino::msgpack::Unpacker::isInt() const
 .text._ZNK7arduino7msgpack8Unpacker6isUIntEv
                0x000000000000031c       0x20 C:\Users\bjsek\Documents\GitHub\robocup-embedded\robocup\robocup\build\build_unoq\sketch\LEDControl.cpp.o
                0x000000000000031c                arduino::msgpack::Unpacker::isUInt() const
 .text._ZN7arduino7msgpack8Unpacker11unpackInt16Ev
                0x000000000000033c       0x4c C:\Users\bjsek\Documents\GitHub\robocup-embedded\robocup\robocup\build\build_unoq\sketch\LEDControl.cpp.o
                0x000000000000033c                arduino::msgpack::Unpacker::unpackInt16()
 .text._ZN7arduino7msgpack8Unpacker13unpackFloat32Ev
                0x0000000000000388       0x60 C:\Users\bjsek\Documents\GitHub\robocup-embedded\robocup\robocup\build\build_unoq\sketch\LEDControl.cpp.o
                0x0000000000000388                arduino::msgpack::Unpacker::unpackFloat32()
 .text._ZN7arduino7msgpack8Unpacker13unpackFloat64Ev
                0x00000000000003e8       0x6c C:\Users\bjsek\Documents\GitHub\robocup-embedded\robocup\robocup\build\build_unoq\sketch\LEDControl.cpp.o
                0x00000000000003e8                arduino::msgpack::Unpacker::unpackFloat64()
 .text._ZN7arduino7msgpack8Unpacker10unpackInt5Ev
                0x0000000000000454       0x4c C:\Users\bjsek\Documents\GitHub\robocup-embedded\robocup\robocup\build\build_unoq\sketch\LEDControl.cpp.o
                0x0000000000000454                arduino::msgpack::Unpacker::unpackInt5()
 .text._ZN7arduino7msgpack8Unpacker11unpackUInt7Ev
                0x00000000000004a0       0x48 C:\Users\bjsek\Documents\GitHub\robocup-embedded\robocup\robocup\build\build_unoq\sketch\LEDControl.cpp.o
                0x00000000000004a0                arduino::msgpack::Unpacker::unpackUInt7()
 .text._ZN7arduino7msgpack8Unpacker11unpackUInt8Ev
                0x00000000000004e8       0x48 C:\Users\bjsek\Documents\GitHub\robocup-embedded\robocup\robocup\build\build_unoq\sketch\LEDControl.cpp.o
                0x00000000000004e8                arduino::msgpack::Unpacker::unpackUInt8()
 .text._ZNK7arduino7msgpack8Unpacker11getRawBytesItEET_jj
                0x0000000000000530       0x26 C:\Users\bjsek\Documents\GitHub\robocup-embedded\robocup\robocup\build\build_unoq\sketch\LEDControl.cpp.o
                0x0000000000000530                unsigned short arduino::msgpack::Unpacker::getRawBytes<unsigned short>(unsigned int, unsigned int) const
 *fill*         0x0000000000000556        0x2 
 .text._ZN7arduino7msgpack8Unpacker12unpackUInt16Ev
                0x0000000000000558       0x48 C:\Users\bjsek\Documents\GitHub\robocup-embedded\robocup\robocup\build\build_unoq\sketch\LEDControl.cpp.o
                0x0000000000000558                arduino::msgpack::Unpacker::unpackUInt16()
 .text._ZNK7arduino7msgpack8Unpacker11getRawBytesIjEET_jj
                0x00000000000005a0       0x34 C:\Users\bjsek\Documents\GitHub\robocup-embedded\robocup\robocup\build\build_unoq\sketch\LEDControl.cpp.o
                0x00000000000005a0                unsigned int arduino::msgpack::Unpacker::getRawBytes<unsigned int>(unsigned int, unsigned int) const
 .text._ZNK7arduino7msgpack8Unpacker14getElementSizeEj
                0x00000000000005d4      0x11c C:\Users\bjsek\Documents\GitHub\robocup-embedded\robocup\robocup\build\build_unoq\sketch\LEDControl.cpp.o
                0x00000000000005d4                arduino::msgpack::Unpacker::getElementSize(unsigned int) const
 .text._ZN7arduino7msgpack8Unpacker15unpackArraySizeEv
                0x00000000000006f0       0x78 C:\Users\bjsek\Documents\GitHub\robocup-embedded\robocup\robocup\build\build_unoq\sketch\LEDControl.cpp.o
                0x00000000000006f0                arduino::msgpack::Unpacker::unpackArraySize()
 .text._ZN7arduino7msgpack8Unpacker11deserializeINS0_4type9ArraySizeEJEEEbRT_DpOT0_.isra.0
                0x0000000000000768       0x40 C:\Users\bjsek\Documents\GitHub\robocup-embedded\robocup\robocup\build\build_unoq\sketch\LEDControl.cpp.o
 .text._ZN7arduino7msgpack8Unpacker12unpackUInt32Ev
                0x00000000000007a8       0x48 C:\Users\bjsek\Documents\GitHub\robocup-embedded\robocup\robocup\build\build_unoq\sketch\LEDControl.cpp.o
                0x00000000000007a8                arduino::msgpack::Unpacker::unpackUInt32()
 .text._ZN7arduino7msgpack8Unpacker13unpackMapSizeEv
                0x00000000000007f0       0x78 C:\Users\bjsek\Documents\GitHub\robocup-embedded\robocup\robocup\build\build_unoq\sketch\LEDControl.cpp.o
                0x00000000000007f0                arduino::msgpack::Unpacker::unpackMapSize()
 .text._ZNK7arduino7msgpack8Unpacker11getRawBytesIyEET_jj
                0x0000000000000868       0x3a C:\Users\bjsek\Documents\GitHub\robocup-embedded\robocup\robocup\build\build_unoq\sketch\LEDControl.cpp.o
                0x0000000000000868                unsigned long long arduino::msgpack::Unpacker::getRawBytes<unsigned long long>(unsigned int, unsigned int) const
 *fill*         0x00000000000008a2        0x2 
 .text._ZN7arduino7msgpack8Unpacker12unpackUInt64Ev
                0x00000000000008a4       0x4c C:\Users\bjsek\Documents\GitHub\robocup-embedded\robocup\robocup\build\build_unoq\sketch\LEDControl.cpp.o
                0x00000000000008a4                arduino::msgpack::Unpacker::unpackUInt64()
 .text._ZNK7arduino7msgpack8Unpacker11getRawBytesIaEET_jj
                0x00000000000008f0       0x1e C:\Users\bjsek\Documents\GitHub\robocup-embedded\robocup\robocup\build\build_unoq\sketch\LEDControl.cpp.o
                0x00000000000008f0                signed char arduino::msgpack::Unpacker::getRawBytes<signed char>(unsigned int, unsigned int) const
 *fill*         0x000000000000090e        0x2 
 .text._ZN7arduino7msgpack8Unpacker10unpackInt8Ev
                0x0000000000000910       0x48 C:\Users\bjsek\Documents\GitHub\robocup-embedded\robocup\robocup\build\build_unoq\sketch\LEDControl.cpp.o
                0x0000000000000910                arduino::msgpack::Unpacker::unpackInt8()
 .text._ZNK7arduino7msgpack8Unpacker13isTimestamp32Ev
                0x0000000000000958       0x2c C:\Users\bjsek\Documents\GitHub\robocup-embedded\robocup\robocup\build\build_unoq\sketch\LEDControl.cpp.o
                0x0000000000000958                arduino::msgpack::Unpacker::isTimestamp32() const
 .text._ZNK7arduino7msgpack8Unpacker13isTimestamp64Ev
                0x0000000000000984       0x2c C:\Users\bjsek\Documents\GitHub\robocup-embedded\robocup\robocup\build\build_unoq\sketch\LEDControl.cpp.o
                0x0000000000000984                arduino::msgpack::Unpacker::isTimestamp64() const
 .text._ZNK7arduino7msgpack8Unpacker13isTimestamp96Ev
                0x00000000000009b0       0x40 C:\Users\bjsek\Documents\GitHub\robocup-embedded\robocup\robocup\build\build_unoq\sketch\LEDControl.cpp.o
                0x00000000000009b0                arduino::msgpack::Unpacker::isTimestamp96() const
 .text._ZNK7arduino7msgpack8Unpacker11getRawBytesIcEET_jj
                0x00000000000009f0       0x1e C:\Users\bjsek\Documents\GitHub\robocup-embedded\robocup\robocup\build\build_unoq\sketch\LEDControl.cpp.o
                0x00000000000009f0                char arduino::msgpack::Unpacker::getRawBytes<char>(unsigned int, unsigned int) const
 *fill*         0x0000000000000a0e        0x2 
 .text._ZN7arduino7msgpack8Unpacker11deserializeINS_6StringEJEEEbRT_DpOT0_
                0x0000000000000a10      0x174 C:\Users\bjsek\Documents\GitHub\robocup-embedded\robocup\robocup\build\build_unoq\sketch\LEDControl.cpp.o
                0x0000000000000a10                bool arduino::msgpack::Unpacker::deserialize<arduino::String>(arduino::String&)
 .text._ZN7arduino7msgpack8Unpacker11deserializeINS0_6object8timespecEJEEEbRT_DpOT0_
                0x0000000000000b84       0xc4 C:\Users\bjsek\Documents\GitHub\robocup-embedded\robocup\robocup\build\build_unoq\sketch\LEDControl.cpp.o
                0x0000000000000b84                bool arduino::msgpack::Unpacker::deserialize<arduino::msgpack::object::timespec>(arduino::msgpack::object::timespec&)
 .text._ZNSt12_Vector_baseIjSaIjEED2Ev
                0x0000000000000c48       0x18 C:\Users\bjsek\Documents\GitHub\robocup-embedded\robocup\robocup\build\build_unoq\sketch\LEDControl.cpp.o
                0x0000000000000c48                std::_Vector_base<unsigned int, std::allocator<unsigned int> >::~_Vector_base()
                0x0000000000000c48                std::_Vector_base<unsigned int, std::allocator<unsigned int> >::~_Vector_base()
 .text._ZN10RPCRequestILj256EED2Ev
                0x0000000000000c60       0x2c C:\Users\bjsek\Documents\GitHub\robocup-embedded\robocup\robocup\build\build_unoq\sketch\LEDControl.cpp.o
                0x0000000000000c60                RPCRequest<256u>::~RPCRequest()
                0x0000000000000c60                RPCRequest<256u>::~RPCRequest()
 .text._ZNSt6vectorIjSaIjEE17_M_realloc_insertIJRjEEEvN9__gnu_cxx17__normal_iteratorIPjS1_EEDpOT_
                0x0000000000000c8c       0xdc C:\Users\bjsek\Documents\GitHub\robocup-embedded\robocup\robocup\build\build_unoq\sketch\LEDControl.cpp.o
                0x0000000000000c8c                void std::vector<unsigned int, std::allocator<unsigned int> >::_M_realloc_insert<unsigned int&>(__gnu_cxx::__normal_iterator<unsigned int*, std::vector<unsigned int, std::allocator<unsigned int> > >, unsigned int&)
 .text._ZN7arduino7msgpack8Unpacker4feedEPKhj
                0x0000000000000d68       0x78 C:\Users\bjsek\Documents\GitHub\robocup-embedded\robocup\robocup\build\build_unoq\sketch\LEDControl.cpp.o
                0x0000000000000d68                arduino::msgpack::Unpacker::feed(unsigned char const*, unsigned int)
 .text._ZNKSt6vectorIhSaIhEE12_M_check_lenEjPKc
                0x0000000000000de0       0x38 C:\Users\bjsek\Documents\GitHub\robocup-embedded\robocup\robocup\build\build_unoq\sketch\LEDControl.cpp.o
                0x0000000000000de0                std::vector<unsigned char, std::allocator<unsigned char> >::_M_check_len(unsigned int, char const*) const
 .text._ZNSt6vectorIhSaIhEE12emplace_backIJhEEERhDpOT_.isra.0
                0x0000000000000e18       0x90 C:\Users\bjsek\Documents\GitHub\robocup-embedded\robocup\robocup\build\build_unoq\sketch\LEDControl.cpp.o
 .text._ZN7arduino7msgpack6Packer11packRawByteERKNS0_4TypeE.isra.0
                0x0000000000000ea8       0x18 C:\Users\bjsek\Documents\GitHub\robocup-embedded\robocup\robocup\build\build_unoq\sketch\LEDControl.cpp.o
 .text._ZNSt6vectorIhSaIhEE12emplace_backIJRKhEEERhDpOT_.isra.0
                0x0000000000000ec0       0x90 C:\Users\bjsek\Documents\GitHub\robocup-embedded\robocup\robocup\build\build_unoq\sketch\LEDControl.cpp.o
 .text._ZN7arduino7msgpack6Packer9packUInt8Eh
                0x0000000000000f50       0x2c C:\Users\bjsek\Documents\GitHub\robocup-embedded\robocup\robocup\build\build_unoq\sketch\LEDControl.cpp.o
                0x0000000000000f50                arduino::msgpack::Packer::packUInt8(unsigned char)
 .text._ZNSt6vectorIhSaIhEE12emplace_backIJRhEEES3_DpOT_.isra.0
                0x0000000000000f7c       0x90 C:\Users\bjsek\Documents\GitHub\robocup-embedded\robocup\robocup\build\build_unoq\sketch\LEDControl.cpp.o
 .text._ZN7arduino7msgpack6Packer15packRawReversedIjEEvRKT_
                0x000000000000100c       0x1c C:\Users\bjsek\Documents\GitHub\robocup-embedded\robocup\robocup\build\build_unoq\sketch\LEDControl.cpp.o
                0x000000000000100c                void arduino::msgpack::Packer::packRawReversed<unsigned int>(unsigned int const&)
 .text._ZN7arduino7msgpack6Packer10packUInt32Ej
                0x0000000000001028       0x28 C:\Users\bjsek\Documents\GitHub\robocup-embedded\robocup\robocup\build\build_unoq\sketch\LEDControl.cpp.o
                0x0000000000001028                arduino::msgpack::Packer::packUInt32(unsigned int)
 .text._ZN7arduino7msgpack6Packer15packRawReversedItEEvRKT_
                0x0000000000001050       0x1c C:\Users\bjsek\Documents\GitHub\robocup-embedded\robocup\robocup\build\build_unoq\sketch\LEDControl.cpp.o
                0x0000000000001050                void arduino::msgpack::Packer::packRawReversed<unsigned short>(unsigned short const&)
 .text._ZN7arduino7msgpack6Packer13packArraySizeEj
                0x000000000000106c       0x58 C:\Users\bjsek\Documents\GitHub\robocup-embedded\robocup\robocup\build\build_unoq\sketch\LEDControl.cpp.o
                0x000000000000106c                arduino::msgpack::Packer::packArraySize(unsigned int)
 .text._ZN7arduino7msgpack6Packer10packUInt16Et
                0x00000000000010c4       0x2c C:\Users\bjsek\Documents\GitHub\robocup-embedded\robocup\robocup\build\build_unoq\sketch\LEDControl.cpp.o
                0x00000000000010c4                arduino::msgpack::Packer::packUInt16(unsigned short)
 .text._ZN7arduino7msgpack6Packer11packIntegerIiEENSt9enable_ifIXaaaaaasrSt13is_arithmeticIT_E5valuesrSt11is_integralIS5_E5valuentsrSt7is_sameIS5_bE5valuentsrS9_INSt9remove_cvIS5_E4typeEPcE5valueEvE4typeERKS5_.isra.0
                0x00000000000010f0       0xb8 C:\Users\bjsek\Documents\GitHub\robocup-embedded\robocup\robocup\build\build_unoq\sketch\LEDControl.cpp.o
 .text._ZN7arduino7msgpack6Packer12packRawBytesEPKcj
                0x00000000000011a8       0x9c C:\Users\bjsek\Documents\GitHub\robocup-embedded\robocup\robocup\build\build_unoq\sketch\LEDControl.cpp.o
                0x00000000000011a8                arduino::msgpack::Packer::packRawBytes(char const*, unsigned int)
 .text._ZN7arduino7msgpack8Unpacker9unpackIntIiEENSt9enable_ifIXaaaaaaaasrSt13is_arithmeticIT_E5valuesrSt11is_integralIS5_E5valuentsrSt7is_sameIS5_bE5valuentsrS9_INSt9remove_cvIS5_E4typeEPcE5valuesrSt9is_signedIS5_E5valueES5_E4typeEv
                0x0000000000001244       0xd0 C:\Users\bjsek\Documents\GitHub\robocup-embedded\robocup\robocup\build\build_unoq\sketch\LEDControl.cpp.o
                0x0000000000001244                std::enable_if<(((std::is_arithmetic<int>::value&&std::is_integral<int>::value)&&(!std::is_same<int, bool>::value))&&(!std::is_same<std::remove_cv<int>::type, char*>::value))&&std::is_signed<int>::value, int>::type arduino::msgpack::Unpacker::unpackInt<int>()
 .text._ZN7arduino7msgpack8Unpacker11deserializeIiJEEEbRT_DpOT0_
                0x0000000000001314       0x40 C:\Users\bjsek\Documents\GitHub\robocup-embedded\robocup\robocup\build\build_unoq\sketch\LEDControl.cpp.o
                0x0000000000001314                bool arduino::msgpack::Unpacker::deserialize<int>(int&)
 .text._ZN7arduino7msgpack8Unpacker11unpackFloatIfEENSt9enable_ifIXaasrSt13is_arithmeticIT_E5valuesrSt17is_floating_pointIS5_E5valueES5_E4typeEv
                0x0000000000001354      0x118 C:\Users\bjsek\Documents\GitHub\robocup-embedded\robocup\robocup\build\build_unoq\sketch\LEDControl.cpp.o
                0x0000000000001354                std::enable_if<std::is_arithmetic<float>::value&&std::is_floating_point<float>::value, float>::type arduino::msgpack::Unpacker::unpackFloat<float>()
 *fill*         0x000000000000146c        0x4 
 .text._ZN7arduino7msgpack8Unpacker11unpackFloatIdEENSt9enable_ifIXaasrSt13is_arithmeticIT_E5valuesrSt17is_floating_pointIS5_E5valueES5_E4typeEv
                0x0000000000001470      0x118 C:\Users\bjsek\Documents\GitHub\robocup-embedded\robocup\robocup\build\build_unoq\sketch\LEDControl.cpp.o
                0x0000000000001470                std::enable_if<std::is_arithmetic<double>::value&&std::is_floating_point<double>::value, double>::type arduino::msgpack::Unpacker::unpackFloat<double>()
 .text._ZN7arduino7msgpack8Unpacker12unpackBinaryIhEENSt9enable_ifIXoosrSt7is_sameIT_cE5valuesrS4_IS5_hE5valueESt6vectorINS3_IXoosrS7_5valuesrS6_5valueES5_E4typeESaIS5_EEE4typeEv
                0x0000000000001588      0x114 C:\Users\bjsek\Documents\GitHub\robocup-embedded\robocup\robocup\build\build_unoq\sketch\LEDControl.cpp.o
                0x0000000000001588                std::enable_if<std::is_same<unsigned char, char>::value||std::is_same<unsigned char, unsigned char>::value, std::vector<std::enable_if<std::is_same<unsigned char, unsigned char>::value||std::is_same<unsigned char, char>::value, unsigned char>::type, std::allocator<unsigned char> > >::type arduino::msgpack::Unpacker::unpackBinary<unsigned char>()
 .text._ZN7arduino7msgpack8Unpacker11deserializeINS0_4type9ArraySizeEJRiEEEbRT_DpOT0_
                0x000000000000169c       0x44 C:\Users\bjsek\Documents\GitHub\robocup-embedded\robocup\robocup\build\build_unoq\sketch\LEDControl.cpp.o
                0x000000000000169c                bool arduino::msgpack::Unpacker::deserialize<arduino::msgpack::type::ArraySize, int&>(arduino::msgpack::type::ArraySize&, int&)
 .text._ZN7arduino7msgpack8Unpacker11deserializeIjJRNS_6StringEEEEbRT_DpOT0_
                0x00000000000016e0       0xa0 C:\Users\bjsek\Documents\GitHub\robocup-embedded\robocup\robocup\build\build_unoq\sketch\LEDControl.cpp.o
                0x00000000000016e0                bool arduino::msgpack::Unpacker::deserialize<unsigned int, arduino::String&>(unsigned int&, arduino::String&)
 .text._ZN10RPCRequestILj256EE22unpack_request_headersEv
                0x0000000000001780       0xb8 C:\Users\bjsek\Documents\GitHub\robocup-embedded\robocup\robocup\build\build_unoq\sketch\LEDControl.cpp.o
                0x0000000000001780                RPCRequest<256u>::unpack_request_headers()
 .text._ZN9RPCServer15process_requestILj256EEEvR10RPCRequestIXT_EE
                0x0000000000001838      0x1ec C:\Users\bjsek\Documents\GitHub\robocup-embedded\robocup\robocup\build\build_unoq\sketch\LEDControl.cpp.o
                0x0000000000001838                void RPCServer::process_request<256u>(RPCRequest<256u>&)
 .text._ZN10RpcDecoderILj1024EE7consumeEjj
                0x0000000000001a24       0x50 C:\Users\bjsek\Documents\GitHub\robocup-embedded\robocup\robocup\build\build_unoq\sketch\LEDControl.cpp.o
                0x0000000000001a24                RpcDecoder<1024u>::consume(unsigned int, unsigned int)
 .text._ZN10RpcDecoderILj1024EE7discardEv
                0x0000000000001a74       0x2c C:\Users\bjsek\Documents\GitHub\robocup-embedded\robocup\robocup\build\build_unoq\sketch\LEDControl.cpp.o
                0x0000000000001a74                RpcDecoder<1024u>::discard()
 .text._ZN10RpcDecoderILj1024EE16fetch_rpc_methodEv
                0x0000000000001aa0       0xec C:\Users\bjsek\Documents\GitHub\robocup-embedded\robocup\robocup\build\build_unoq\sketch\LEDControl.cpp.o
                0x0000000000001aa0                RpcDecoder<1024u>::fetch_rpc_method()
 .text._ZNSt11__copy_moveILb0ELb1ESt26random_access_iterator_tagE8__copy_mIhEEPT_PKS3_S6_S4_
                0x0000000000001b8c       0x1c C:\Users\bjsek\Documents\GitHub\robocup-embedded\robocup\robocup\build\build_unoq\sketch\LEDControl.cpp.o
                0x0000000000001b8c                unsigned char* std::__copy_move<false, true, std::random_access_iterator_tag>::__copy_m<unsigned char>(unsigned char const*, unsigned char const*, unsigned char*)
 .text._ZNSt11__copy_moveILb1ELb1ESt26random_access_iterator_tagE8__copy_mIhEEPT_PKS3_S6_S4_
                0x0000000000001ba8       0x1c C:\Users\bjsek\Documents\GitHub\robocup-embedded\robocup\robocup\build\build_unoq\sketch\LEDControl.cpp.o
                0x0000000000001ba8                unsigned char* std::__copy_move<true, true, std::random_access_iterator_tag>::__copy_m<unsigned char>(unsigned char const*, unsigned char const*, unsigned char*)
 .text._ZN7arduino7msgpack6object3extC2EaPKhj
                0x0000000000001bc4      0x104 C:\Users\bjsek\Documents\GitHub\robocup-embedded\robocup\robocup\build\build_unoq\sketch\LEDControl.cpp.o
                0x0000000000001bc4                arduino::msgpack::object::ext::ext(signed char, unsigned char const*, unsigned int)
                0x0000000000001bc4                arduino::msgpack::object::ext::ext(signed char, unsigned char const*, unsigned int)
 .text._ZN7arduino7msgpack8Unpacker9unpackExtEv
                0x0000000000001cc8      0x178 C:\Users\bjsek\Documents\GitHub\robocup-embedded\robocup\robocup\build\build_unoq\sketch\LEDControl.cpp.o
                0x0000000000001cc8                arduino::msgpack::Unpacker::unpackExt()
 .text._ZN8RpcUtils6detail12unpackObjectERN7arduino7msgpack8UnpackerE
                0x0000000000001e40      0x318 C:\Users\bjsek\Documents\GitHub\robocup-embedded\robocup\robocup\build\build_unoq\sketch\LEDControl.cpp.o
                0x0000000000001e40                RpcUtils::detail::unpackObject(arduino::msgpack::Unpacker&)
 .text._ZN10RpcDecoderILj1024EE12parse_packetEv
                0x0000000000002158      0x138 C:\Users\bjsek\Documents\GitHub\robocup-embedded\robocup\robocup\build\build_unoq\sketch\LEDControl.cpp.o
                0x0000000000002158                RpcDecoder<1024u>::parse_packet()
 .text._ZN9RPCServer7get_rpcILj256EEEbR10RPCRequestIXT_EEN7arduino6StringE
                0x0000000000002290       0xf8 C:\Users\bjsek\Documents\GitHub\robocup-embedded\robocup\robocup\build\build_unoq\sketch\LEDControl.cpp.o
                0x0000000000002290                bool RPCServer::get_rpc<256u>(RPCRequest<256u>&, arduino::String)
 .text._ZN11BridgeClass11update_safeEv
                0x0000000000002388      0x110 C:\Users\bjsek\Documents\GitHub\robocup-embedded\robocup\robocup\build\build_unoq\sketch\LEDControl.cpp.o
                0x0000000000002388                BridgeClass::update_safe()
 .text._Z10__loopHookv
                0x0000000000002498       0x44 C:\Users\bjsek\Documents\GitHub\robocup-embedded\robocup\robocup\build\build_unoq\sketch\LEDControl.cpp.o
                0x0000000000002498                __loopHook()
 .text._ZN8RpcUtils6detail9unpackMapERN7arduino7msgpack8UnpackerERj
                0x00000000000024dc       0x80 C:\Users\bjsek\Documents\GitHub\robocup-embedded\robocup\robocup\build\build_unoq\sketch\LEDControl.cpp.o
                0x00000000000024dc                RpcUtils::detail::unpackMap(arduino::msgpack::Unpacker&, unsigned int&)
 .text._GLOBAL__sub_I__Z7initLEDv
                0x000000000000255c       0x64 C:\Users\bjsek\Documents\GitHub\robocup-embedded\robocup\robocup\build\build_unoq\sketch\LEDControl.cpp.o
 .text._GLOBAL__sub_D__Z7initLEDv
                0x00000000000025c0       0x2c C:\Users\bjsek\Documents\GitHub\robocup-embedded\robocup\robocup\build\build_unoq\sketch\LEDControl.cpp.o
 .text.k_yield  0x00000000000025ec        0x8 C:\Users\bjsek\Documents\GitHub\robocup-embedded\robocup\robocup\build\build_unoq\sketch\WiFiControl.cpp.o
 .text.k_mutex_lock
                0x00000000000025f4        0x8 C:\Users\bjsek\Documents\GitHub\robocup-embedded\robocup\robocup\build\build_unoq\sketch\WiFiControl.cpp.o
 .text._ZSt14__relocate_a_1IhhENSt9enable_ifIXsrSt24__is_bitwise_relocatableIT_vE5valueEPS2_E4typeES4_S4_S4_RSaIT0_E.isra.0
                0x00000000000025fc       0x20 C:\Users\bjsek\Documents\GitHub\robocup-embedded\robocup\robocup\build\build_unoq\sketch\WiFiControl.cpp.o
 .text._ZNSt12_Vector_baseIhSaIhEE11_M_allocateEj.isra.0
                0x000000000000261c       0x20 C:\Users\bjsek\Documents\GitHub\robocup-embedded\robocup\robocup\build\build_unoq\sketch\WiFiControl.cpp.o
 .text.k_mutex_unlock.isra.0
                0x000000000000263c        0x8 C:\Users\bjsek\Documents\GitHub\robocup-embedded\robocup\robocup\build\build_unoq\sketch\WiFiControl.cpp.o
 .text.k_msleep.constprop.0.isra.0
                0x0000000000002644        0xc C:\Users\bjsek\Documents\GitHub\robocup-embedded\robocup\robocup\build\build_unoq\sketch\WiFiControl.cpp.o
 .text._ZN8RpcErrorC2Ev
                0x0000000000002650       0x2c C:\Users\bjsek\Documents\GitHub\robocup-embedded\robocup\robocup\build\build_unoq\sketch\WiFiControl.cpp.o
                0x0000000000002650                RpcError::RpcError()
                0x0000000000002650                RpcError::RpcError()
 .text._ZN7arduino7msgpack8UnpackerC2Ev
                0x000000000000267c       0x10 C:\Users\bjsek\Documents\GitHub\robocup-embedded\robocup\robocup\build\build_unoq\sketch\WiFiControl.cpp.o
                0x000000000000267c                arduino::msgpack::Unpacker::Unpacker()
                0x000000000000267c                arduino::msgpack::Unpacker::Unpacker()
 .text._Z11printPacketR13BridgeMonitorILj512EEPc
                0x000000000000268c       0x24 C:\Users\bjsek\Documents\GitHub\robocup-embedded\robocup\robocup\build\build_unoq\sketch\WiFiControl.cpp.o
                0x000000000000268c                printPacket(BridgeMonitor<512u>&, char*)
 .text._ZNSt6vectorIhSaIhEE14_M_move_assignEOS1_St17integral_constantIbLb1EE.isra.0
                0x00000000000026b0       0x34 C:\Users\bjsek\Documents\GitHub\robocup-embedded\robocup\robocup\build\build_unoq\sketch\WiFiControl.cpp.o
 .text._ZN7arduino7msgpack8Unpacker9unpackNilEv
                0x00000000000026e4       0x3c C:\Users\bjsek\Documents\GitHub\robocup-embedded\robocup\robocup\build\build_unoq\sketch\WiFiControl.cpp.o
                0x00000000000026e4                arduino::msgpack::Unpacker::unpackNil()
 .text._ZN7arduino7msgpack8Unpacker6unpackERNS_6StringE
                0x0000000000002720      0x160 C:\Users\bjsek\Documents\GitHub\robocup-embedded\robocup\robocup\build\build_unoq\sketch\WiFiControl.cpp.o
                0x0000000000002720                arduino::msgpack::Unpacker::unpack(arduino::String&)
 .text._ZN7arduino7msgpack8Unpacker11deserializeINS0_6object5nil_tEJEEEbRT_DpOT0_
                0x0000000000002880       0x40 C:\Users\bjsek\Documents\GitHub\robocup-embedded\robocup\robocup\build\build_unoq\sketch\WiFiControl.cpp.o
                0x0000000000002880                bool arduino::msgpack::Unpacker::deserialize<arduino::msgpack::object::nil_t>(arduino::msgpack::object::nil_t&)
 .text._ZN7arduino7msgpack8Unpacker11deserializeIbJEEEbRT_DpOT0_
                0x00000000000028c0       0x68 C:\Users\bjsek\Documents\GitHub\robocup-embedded\robocup\robocup\build\build_unoq\sketch\WiFiControl.cpp.o
                0x00000000000028c0                bool arduino::msgpack::Unpacker::deserialize<bool>(bool&)
 .text._ZNSt6vectorIhSaIhEE12emplace_backIJRKhEEERhDpOT_.isra.0
                0x0000000000002928       0x90 C:\Users\bjsek\Documents\GitHub\robocup-embedded\robocup\robocup\build\build_unoq\sketch\WiFiControl.cpp.o
 .text._ZNSt6vectorIhSaIhEE12emplace_backIJhEEERhDpOT_.isra.0
                0x00000000000029b8       0x90 C:\Users\bjsek\Documents\GitHub\robocup-embedded\robocup\robocup\build\build_unoq\sketch\WiFiControl.cpp.o
 .text._ZN7arduino7msgpack8Unpacker11deserializeISt6vectorIhSaIhEEJEEEbRT_DpOT0_
                0x0000000000002a48      0x13c C:\Users\bjsek\Documents\GitHub\robocup-embedded\robocup\robocup\build\build_unoq\sketch\WiFiControl.cpp.o
                0x0000000000002a48                bool arduino::msgpack::Unpacker::deserialize<std::vector<unsigned char, std::allocator<unsigned char> >>(std::vector<unsigned char, std::allocator<unsigned char> >&)
 .text._ZN7arduino7msgpack6Packer11packRawByteERKNS0_4TypeE.isra.0
                0x0000000000002b84       0x18 C:\Users\bjsek\Documents\GitHub\robocup-embedded\robocup\robocup\build\build_unoq\sketch\WiFiControl.cpp.o
 .text._ZNSt6vectorIhSaIhEE12emplace_backIJRhEEES3_DpOT_.isra.0
                0x0000000000002b9c       0x90 C:\Users\bjsek\Documents\GitHub\robocup-embedded\robocup\robocup\build\build_unoq\sketch\WiFiControl.cpp.o
 .text._ZN7arduino7msgpack6Packer11packIntegerIjEENSt9enable_ifIXaaaaaasrSt13is_arithmeticIT_E5valuesrSt11is_integralIS5_E5valuentsrSt7is_sameIS5_bE5valuentsrS9_INSt9remove_cvIS5_E4typeEPcE5valueEvE4typeERKS5_.isra.0
                0x0000000000002c2c       0x50 C:\Users\bjsek\Documents\GitHub\robocup-embedded\robocup\robocup\build\build_unoq\sketch\WiFiControl.cpp.o
 .text._ZN7arduino7msgpack6Packer11packIntegerIiEENSt9enable_ifIXaaaaaasrSt13is_arithmeticIT_E5valuesrSt11is_integralIS5_E5valuentsrSt7is_sameIS5_bE5valuentsrS9_INSt9remove_cvIS5_E4typeEPcE5valueEvE4typeERKS5_.isra.0
                0x0000000000002c7c       0xb8 C:\Users\bjsek\Documents\GitHub\robocup-embedded\robocup\robocup\build\build_unoq\sketch\WiFiControl.cpp.o
 .text._ZN7arduino7msgpack6Packer4packERKNS_6StringE
                0x0000000000002d34       0x7c C:\Users\bjsek\Documents\GitHub\robocup-embedded\robocup\robocup\build\build_unoq\sketch\WiFiControl.cpp.o
                0x0000000000002d34                arduino::msgpack::Packer::pack(arduino::String const&)
 .text._ZN7arduino7msgpack6Packer9serializeIJRKiRjRKNS_6StringEEEEvRKNS0_4type9ArraySizeEDpOT_.isra.0
                0x0000000000002db0       0x38 C:\Users\bjsek\Documents\GitHub\robocup-embedded\robocup\robocup\build\build_unoq\sketch\WiFiControl.cpp.o
 .text._ZNK10RpcDecoderILj1024EE4sendEPKhj
                0x0000000000002de8       0x22 C:\Users\bjsek\Documents\GitHub\robocup-embedded\robocup\robocup\build\build_unoq\sketch\WiFiControl.cpp.o
                0x0000000000002de8                RpcDecoder<1024u>::send(unsigned char const*, unsigned int) const
 *fill*         0x0000000000002e0a        0x2 
 .text._ZN9RPCClient8send_rpcIJRKjEEEbRKN7arduino6StringERjDpOT_.isra.0
                0x0000000000002e0c       0x84 C:\Users\bjsek\Documents\GitHub\robocup-embedded\robocup\robocup\build\build_unoq\sketch\WiFiControl.cpp.o
 .text._ZN9RPCClient8send_rpcIJRKjS2_EEEbRKN7arduino6StringERjDpOT_.isra.0
                0x0000000000002e90       0x8c C:\Users\bjsek\Documents\GitHub\robocup-embedded\robocup\robocup\build\build_unoq\sketch\WiFiControl.cpp.o
 .text._ZN9RPCClient8send_rpcIJRKjS2_S2_EEEbRKN7arduino6StringERjDpOT_.isra.0
                0x0000000000002f1c       0x94 C:\Users\bjsek\Documents\GitHub\robocup-embedded\robocup\robocup\build\build_unoq\sketch\WiFiControl.cpp.o
 .text._ZN7RpcCallIJRjS0_EE8setErrorEiN7arduino6StringE
                0x0000000000002fb0       0x40 C:\Users\bjsek\Documents\GitHub\robocup-embedded\robocup\robocup\build\build_unoq\sketch\WiFiControl.cpp.o
                0x0000000000002fb0                RpcCall<unsigned int&, unsigned int&>::setError(int, arduino::String)
 .text._ZN7RpcCallIJRjS0_EE7isErrorEv
                0x0000000000002ff0       0x34 C:\Users\bjsek\Documents\GitHub\robocup-embedded\robocup\robocup\build\build_unoq\sketch\WiFiControl.cpp.o
                0x0000000000002ff0                RpcCall<unsigned int&, unsigned int&>::isError()
 .text._ZN7arduino7msgpack8Unpacker11deserializeI8RpcErrorJRNS0_6object5nil_tEEEEbRT_DpOT0_
                0x0000000000003024       0x90 C:\Users\bjsek\Documents\GitHub\robocup-embedded\robocup\robocup\build\build_unoq\sketch\WiFiControl.cpp.o
                0x0000000000003024                bool arduino::msgpack::Unpacker::deserialize<RpcError, arduino::msgpack::object::nil_t&>(RpcError&, arduino::msgpack::object::nil_t&)
 .text._ZN7RpcCallIJRjEE8setErrorEiN7arduino6StringE
                0x00000000000030b4       0x40 C:\Users\bjsek\Documents\GitHub\robocup-embedded\robocup\robocup\build\build_unoq\sketch\WiFiControl.cpp.o
                0x00000000000030b4                RpcCall<unsigned int&>::setError(int, arduino::String)
 .text._ZN7RpcCallIJRjEE7isErrorEv
                0x00000000000030f4       0x34 C:\Users\bjsek\Documents\GitHub\robocup-embedded\robocup\robocup\build\build_unoq\sketch\WiFiControl.cpp.o
                0x00000000000030f4                RpcCall<unsigned int&>::isError()
 .text._ZN7arduino7msgpack8Unpacker10unpackUIntIjEENSt9enable_ifIXaaaaaaaasrSt13is_arithmeticIT_E5valuesrSt11is_integralIS5_E5valuentsrSt7is_sameIS5_bE5valuentsrS9_INSt9remove_cvIS5_E4typeEPcE5valuentsrSt9is_signedIS5_E5valueES5_E4typeEv
                0x0000000000003128       0x80 C:\Users\bjsek\Documents\GitHub\robocup-embedded\robocup\robocup\build\build_unoq\sketch\WiFiControl.cpp.o
                0x0000000000003128                std::enable_if<(((std::is_arithmetic<unsigned int>::value&&std::is_integral<unsigned int>::value)&&(!std::is_same<unsigned int, bool>::value))&&(!std::is_same<std::remove_cv<unsigned int>::type, char*>::value))&&(!std::is_signed<unsigned int>::value), unsigned int>::type arduino::msgpack::Unpacker::unpackUInt<unsigned int>()
 .text._ZN7arduino7msgpack8Unpacker11deserializeINS0_4type9ArraySizeEJRiRjEEEbRT_DpOT0_
                0x00000000000031a8       0xa0 C:\Users\bjsek\Documents\GitHub\robocup-embedded\robocup\robocup\build\build_unoq\sketch\WiFiControl.cpp.o
                0x00000000000031a8                bool arduino::msgpack::Unpacker::deserialize<arduino::msgpack::type::ArraySize, int&, unsigned int&>(arduino::msgpack::type::ArraySize&, int&, unsigned int&)
 .text._ZN10RpcDecoderILj1024EE12get_responseIbEEbjRT_R8RpcError
                0x0000000000003248      0x17c C:\Users\bjsek\Documents\GitHub\robocup-embedded\robocup\robocup\build\build_unoq\sketch\WiFiControl.cpp.o
                0x0000000000003248                bool RpcDecoder<1024u>::get_response<bool>(unsigned int, bool&, RpcError&)
 .text._ZN10RpcDecoderILj1024EE12get_responseIN7arduino7msgpack6object5nil_tEEEbjRT_R8RpcError
                0x00000000000033c4      0x17c C:\Users\bjsek\Documents\GitHub\robocup-embedded\robocup\robocup\build\build_unoq\sketch\WiFiControl.cpp.o
                0x00000000000033c4                bool RpcDecoder<1024u>::get_response<arduino::msgpack::object::nil_t>(unsigned int, arduino::msgpack::object::nil_t&, RpcError&)
 .text._ZN7arduino7msgpack8Unpacker10unpackUIntItEENSt9enable_ifIXaaaaaaaasrSt13is_arithmeticIT_E5valuesrSt11is_integralIS5_E5valuentsrSt7is_sameIS5_bE5valuentsrS9_INSt9remove_cvIS5_E4typeEPcE5valuentsrSt9is_signedIS5_E5valueES5_E4typeEv
                0x0000000000003540       0x84 C:\Users\bjsek\Documents\GitHub\robocup-embedded\robocup\robocup\build\build_unoq\sketch\WiFiControl.cpp.o
                0x0000000000003540                std::enable_if<(((std::is_arithmetic<unsigned short>::value&&std::is_integral<unsigned short>::value)&&(!std::is_same<unsigned short, bool>::value))&&(!std::is_same<std::remove_cv<unsigned short>::type, char*>::value))&&(!std::is_signed<unsigned short>::value), unsigned short>::type arduino::msgpack::Unpacker::unpackUInt<unsigned short>()
 .text._ZN13BridgeUdpMeta12from_msgpackERN7arduino7msgpack8UnpackerE
                0x00000000000035c4       0xc4 C:\Users\bjsek\Documents\GitHub\robocup-embedded\robocup\robocup\build\build_unoq\sketch\WiFiControl.cpp.o
                0x00000000000035c4                BridgeUdpMeta::from_msgpack(arduino::msgpack::Unpacker&)
 .text._ZN10RpcDecoderILj1024EE12get_responseI13BridgeUdpMetaEEbjRT_R8RpcError
                0x0000000000003688      0x198 C:\Users\bjsek\Documents\GitHub\robocup-embedded\robocup\robocup\build\build_unoq\sketch\WiFiControl.cpp.o
                0x0000000000003688                bool RpcDecoder<1024u>::get_response<BridgeUdpMeta>(unsigned int, BridgeUdpMeta&, RpcError&)
 .text._ZN7RpcCallIJRjS0_S0_EE8setErrorEiN7arduino6StringE
                0x0000000000003820       0x40 C:\Users\bjsek\Documents\GitHub\robocup-embedded\robocup\robocup\build\build_unoq\sketch\WiFiControl.cpp.o
                0x0000000000003820                RpcCall<unsigned int&, unsigned int&, unsigned int&>::setError(int, arduino::String)
 .text._ZN7RpcCallIJRjS0_S0_EE7isErrorEv
                0x0000000000003860       0x34 C:\Users\bjsek\Documents\GitHub\robocup-embedded\robocup\robocup\build\build_unoq\sketch\WiFiControl.cpp.o
                0x0000000000003860                RpcCall<unsigned int&, unsigned int&, unsigned int&>::isError()
 .text._ZN10RpcDecoderILj1024EE12get_responseISt6vectorIhSaIhEEEEbjRT_R8RpcError
                0x0000000000003894      0x17c C:\Users\bjsek\Documents\GitHub\robocup-embedded\robocup\robocup\build\build_unoq\sketch\WiFiControl.cpp.o
                0x0000000000003894                bool RpcDecoder<1024u>::get_response<std::vector<unsigned char, std::allocator<unsigned char> > >(unsigned int, std::vector<unsigned char, std::allocator<unsigned char> >&, RpcError&)
 .text._ZN10RpcDecoderILj1024EE6decodeEv
                0x0000000000003a10       0x40 C:\Users\bjsek\Documents\GitHub\robocup-embedded\robocup\robocup\build\build_unoq\sketch\WiFiControl.cpp.o
                0x0000000000003a10                RpcDecoder<1024u>::decode()
 .text._ZN7RpcCallIJRjS0_S0_EE6resultISt6vectorIhSaIhEEEEbRT_
                0x0000000000003a50      0x13c C:\Users\bjsek\Documents\GitHub\robocup-embedded\robocup\robocup\build\build_unoq\sketch\WiFiControl.cpp.o
                0x0000000000003a50                bool RpcCall<unsigned int&, unsigned int&, unsigned int&>::result<std::vector<unsigned char, std::allocator<unsigned char> > >(std::vector<unsigned char, std::allocator<unsigned char> >&)
 .text._ZN9RPCClient12get_responseIN7arduino7msgpack6object5nil_tEEEbjRT_R8RpcError
                0x0000000000003b8c       0x40 C:\Users\bjsek\Documents\GitHub\robocup-embedded\robocup\robocup\build\build_unoq\sketch\WiFiControl.cpp.o
                0x0000000000003b8c                bool RPCClient::get_response<arduino::msgpack::object::nil_t>(unsigned int, arduino::msgpack::object::nil_t&, RpcError&)
 .text._ZN9BridgeUDPILj4096EE5_readEj
                0x0000000000003bcc      0x214 C:\Users\bjsek\Documents\GitHub\robocup-embedded\robocup\robocup\build\build_unoq\sketch\WiFiControl.cpp.o
                0x0000000000003bcc                BridgeUDP<4096u>::_read(unsigned int)
 .text._ZN9BridgeUDPILj4096EE4readEPcj
                0x0000000000003de0       0xb8 C:\Users\bjsek\Documents\GitHub\robocup-embedded\robocup\robocup\build\build_unoq\sketch\WiFiControl.cpp.o
                0x0000000000003de0                BridgeUDP<4096u>::read(char*, unsigned int)
 .text._ZN7RpcCallIJRjEED2Ev
                0x0000000000003e98      0x118 C:\Users\bjsek\Documents\GitHub\robocup-embedded\robocup\robocup\build\build_unoq\sketch\WiFiControl.cpp.o
                0x0000000000003e98                RpcCall<unsigned int&>::~RpcCall()
                0x0000000000003e98                RpcCall<unsigned int&>::~RpcCall()
 .text._ZN7RpcCallIJRjEE6resultIbEEbRT_
                0x0000000000003fb0      0x134 C:\Users\bjsek\Documents\GitHub\robocup-embedded\robocup\robocup\build\build_unoq\sketch\WiFiControl.cpp.o
                0x0000000000003fb0                bool RpcCall<unsigned int&>::result<bool>(bool&)
 .text._ZN7RpcCallIJRjS0_EE6resultI13BridgeUdpMetaEEbRT_
                0x00000000000040e4      0x138 C:\Users\bjsek\Documents\GitHub\robocup-embedded\robocup\robocup\build\build_unoq\sketch\WiFiControl.cpp.o
                0x00000000000040e4                bool RpcCall<unsigned int&, unsigned int&>::result<BridgeUdpMeta>(BridgeUdpMeta&)
 .text._ZN9BridgeUDPILj4096EE11parsePacketEv
                0x000000000000421c      0x2d0 C:\Users\bjsek\Documents\GitHub\robocup-embedded\robocup\robocup\build\build_unoq\sketch\WiFiControl.cpp.o
                0x000000000000421c                BridgeUDP<4096u>::parsePacket()
 .text._Z9hasPacketR9BridgeUDPILj4096EE
                0x00000000000044ec       0x14 C:\Users\bjsek\Documents\GitHub\robocup-embedded\robocup\robocup\build\build_unoq\sketch\WiFiControl.cpp.o
                0x00000000000044ec                hasPacket(BridgeUDP<4096u>&)
 .text._Z11parsePacketR9BridgeUDPILj4096EER13BridgeMonitorILj512EEPc
                0x0000000000004500       0x38 C:\Users\bjsek\Documents\GitHub\robocup-embedded\robocup\robocup\build\build_unoq\sketch\WiFiControl.cpp.o
                0x0000000000004500                parsePacket(BridgeUDP<4096u>&, BridgeMonitor<512u>&, char*)
 .text._GLOBAL__sub_I__Z11parsePacketR9BridgeUDPILj4096EER13BridgeMonitorILj512EEPc
                0x0000000000004538       0x64 C:\Users\bjsek\Documents\GitHub\robocup-embedded\robocup\robocup\build\build_unoq\sketch\WiFiControl.cpp.o
 .text._GLOBAL__sub_D__Z11parsePacketR9BridgeUDPILj4096EER13BridgeMonitorILj512EEPc
                0x000000000000459c       0x2c C:\Users\bjsek\Documents\GitHub\robocup-embedded\robocup\robocup\build\build_unoq\sketch\WiFiControl.cpp.o
 .text._ZN7arduino5Print17availableForWriteEv
                0x00000000000045c8        0x4 C:\Users\bjsek\Documents\GitHub\robocup-embedded\robocup\robocup\build\build_unoq\sketch\robocup.ino.cpp.o
                0x00000000000045c8                arduino::Print::availableForWrite()
 .text._ZN15SerialTransport9availableEv
                0x00000000000045cc       0x12 C:\Users\bjsek\Documents\GitHub\robocup-embedded\robocup\robocup\build\build_unoq\sketch\robocup.ino.cpp.o
                0x00000000000045cc                SerialTransport::available()
 .text._ZN15SerialTransport5writeEPKhj
                0x00000000000045de       0x10 C:\Users\bjsek\Documents\GitHub\robocup-embedded\robocup\robocup\build\build_unoq\sketch\robocup.ino.cpp.o
                0x00000000000045de                SerialTransport::write(unsigned char const*, unsigned int)
 .text._ZN15SerialTransportD2Ev
                0x00000000000045ee        0x2 C:\Users\bjsek\Documents\GitHub\robocup-embedded\robocup\robocup\build\build_unoq\sketch\robocup.ino.cpp.o
                0x00000000000045ee                SerialTransport::~SerialTransport()
                0x00000000000045ee                SerialTransport::~SerialTransport()
 .text._ZN9BridgeUDPILj4096EE5flushEv
                0x00000000000045f0        0x2 C:\Users\bjsek\Documents\GitHub\robocup-embedded\robocup\robocup\build\build_unoq\sketch\robocup.ino.cpp.o
                0x00000000000045f0                BridgeUDP<4096u>::flush()
 *fill*         0x00000000000045f2        0x2 
 .text.k_yield  0x00000000000045f4        0x8 C:\Users\bjsek\Documents\GitHub\robocup-embedded\robocup\robocup\build\build_unoq\sketch\robocup.ino.cpp.o
 .text.k_mutex_lock
                0x00000000000045fc        0x8 C:\Users\bjsek\Documents\GitHub\robocup-embedded\robocup\robocup\build\build_unoq\sketch\robocup.ino.cpp.o
 .text._ZN15SerialTransportD0Ev
                0x0000000000004604       0x14 C:\Users\bjsek\Documents\GitHub\robocup-embedded\robocup\robocup\build\build_unoq\sketch\robocup.ino.cpp.o
                0x0000000000004604                SerialTransport::~SerialTransport()
 .text._ZN15SerialTransport4readEPhj
                0x0000000000004618       0x28 C:\Users\bjsek\Documents\GitHub\robocup-embedded\robocup\robocup\build\build_unoq\sketch\robocup.ino.cpp.o
                0x0000000000004618                SerialTransport::read(unsigned char*, unsigned int)
 .text._ZN15SerialTransport9read_byteERh
                0x0000000000004640       0x20 C:\Users\bjsek\Documents\GitHub\robocup-embedded\robocup\robocup\build\build_unoq\sketch\robocup.ino.cpp.o
                0x0000000000004640                SerialTransport::read_byte(unsigned char&)
 .text._ZSt14__relocate_a_1IhhENSt9enable_ifIXsrSt24__is_bitwise_relocatableIT_vE5valueEPS2_E4typeES4_S4_S4_RSaIT0_E.isra.0
                0x0000000000004660       0x20 C:\Users\bjsek\Documents\GitHub\robocup-embedded\robocup\robocup\build\build_unoq\sketch\robocup.ino.cpp.o
 .text._ZNSt12_Vector_baseIhSaIhEE11_M_allocateEj.isra.0
                0x0000000000004680       0x20 C:\Users\bjsek\Documents\GitHub\robocup-embedded\robocup\robocup\build\build_unoq\sketch\robocup.ino.cpp.o
 .text.k_mutex_unlock.isra.0
                0x00000000000046a0        0x8 C:\Users\bjsek\Documents\GitHub\robocup-embedded\robocup\robocup\build\build_unoq\sketch\robocup.ino.cpp.o
 .text._ZN9BridgeUDPILj4096EE4peekEv
                0x00000000000046a8       0x48 C:\Users\bjsek\Documents\GitHub\robocup-embedded\robocup\robocup\build\build_unoq\sketch\robocup.ino.cpp.o
                0x00000000000046a8                BridgeUDP<4096u>::peek()
 .text._ZN9BridgeUDPILj4096EE8remoteIPEv
                0x00000000000046f0       0x4c C:\Users\bjsek\Documents\GitHub\robocup-embedded\robocup\robocup\build\build_unoq\sketch\robocup.ino.cpp.o
                0x00000000000046f0                BridgeUDP<4096u>::remoteIP()
 .text._ZN9BridgeUDPILj4096EE10remotePortEv
                0x000000000000473c       0x34 C:\Users\bjsek\Documents\GitHub\robocup-embedded\robocup\robocup\build\build_unoq\sketch\robocup.ino.cpp.o
                0x000000000000473c                BridgeUDP<4096u>::remotePort()
 .text.k_mutex_init.isra.0
                0x0000000000004770        0x8 C:\Users\bjsek\Documents\GitHub\robocup-embedded\robocup\robocup\build\build_unoq\sketch\robocup.ino.cpp.o
 .text.k_msleep.constprop.0.isra.0
                0x0000000000004778        0xc C:\Users\bjsek\Documents\GitHub\robocup-embedded\robocup\robocup\build\build_unoq\sketch\robocup.ino.cpp.o
 .text._ZN8RpcError4copyERKS_
                0x0000000000004784       0x10 C:\Users\bjsek\Documents\GitHub\robocup-embedded\robocup\robocup\build\build_unoq\sketch\robocup.ino.cpp.o
                0x0000000000004784                RpcError::copy(RpcError const&)
 .text._ZN10RPCRequestILj256EEC2Ev
                0x0000000000004794       0x4c C:\Users\bjsek\Documents\GitHub\robocup-embedded\robocup\robocup\build\build_unoq\sketch\robocup.ino.cpp.o
                0x0000000000004794                RPCRequest<256u>::RPCRequest()
                0x0000000000004794                RPCRequest<256u>::RPCRequest()
 .text._ZN11BridgeClass10is_startedEv
                0x00000000000047e0       0x2c C:\Users\bjsek\Documents\GitHub\robocup-embedded\robocup\robocup\build\build_unoq\sketch\robocup.ino.cpp.o
                0x00000000000047e0                BridgeClass::is_started()
 .text.loop     0x000000000000480c       0x1c C:\Users\bjsek\Documents\GitHub\robocup-embedded\robocup\robocup\build\build_unoq\sketch\robocup.ino.cpp.o
                0x000000000000480c                loop
 .text._ZNK7arduino7msgpack8Unpacker5isNilEv
                0x0000000000004828       0x14 C:\Users\bjsek\Documents\GitHub\robocup-embedded\robocup\robocup\build\build_unoq\sketch\robocup.ino.cpp.o
                0x0000000000004828                arduino::msgpack::Unpacker::isNil() const
 .text._ZN17RpcDecoderManagerILj3EE10getDecoderER10ITransport
                0x000000000000483c       0x7c C:\Users\bjsek\Documents\GitHub\robocup-embedded\robocup\robocup\build\build_unoq\sketch\robocup.ino.cpp.o
                0x000000000000483c                RpcDecoderManager<3u>::getDecoder(ITransport&)
 .text._ZN7RpcCallIJEE8setErrorEiN7arduino6StringE
                0x00000000000048b8       0x40 C:\Users\bjsek\Documents\GitHub\robocup-embedded\robocup\robocup\build\build_unoq\sketch\robocup.ino.cpp.o
                0x00000000000048b8                RpcCall<>::setError(int, arduino::String)
 .text._ZN7RpcCallIJEEC2ERKN7arduino6StringEP9RPCClientP7k_mutexS8_
                0x00000000000048f8       0x7c C:\Users\bjsek\Documents\GitHub\robocup-embedded\robocup\robocup\build\build_unoq\sketch\robocup.ino.cpp.o
                0x00000000000048f8                RpcCall<>::RpcCall(arduino::String const&, RPCClient*, k_mutex*, k_mutex*)
                0x00000000000048f8                RpcCall<>::RpcCall(arduino::String const&, RPCClient*, k_mutex*, k_mutex*)
 .text._ZN7RpcCallIJEE6resultIN7arduino7msgpack6object5nil_tEEEbRT_.part.0
                0x0000000000004974       0x34 C:\Users\bjsek\Documents\GitHub\robocup-embedded\robocup\robocup\build\build_unoq\sketch\robocup.ino.cpp.o
 .text._ZN7RpcCallIJEE7isErrorEv
                0x00000000000049a8       0x34 C:\Users\bjsek\Documents\GitHub\robocup-embedded\robocup\robocup\build\build_unoq\sketch\robocup.ino.cpp.o
                0x00000000000049a8                RpcCall<>::isError()
 .text._ZNSt6vectorIhSaIhEE17_M_realloc_insertIJRKhEEEvN9__gnu_cxx17__normal_iteratorIPhS1_EEDpOT_
                0x00000000000049dc       0x74 C:\Users\bjsek\Documents\GitHub\robocup-embedded\robocup\robocup\build\build_unoq\sketch\robocup.ino.cpp.o
                0x00000000000049dc                void std::vector<unsigned char, std::allocator<unsigned char> >::_M_realloc_insert<unsigned char const&>(__gnu_cxx::__normal_iterator<unsigned char*, std::vector<unsigned char, std::allocator<unsigned char> > >, unsigned char const&)
 .text._ZNSt6vectorIhSaIhEE12emplace_backIJRKhEEERhDpOT_.isra.0
                0x0000000000004a50       0x30 C:\Users\bjsek\Documents\GitHub\robocup-embedded\robocup\robocup\build\build_unoq\sketch\robocup.ino.cpp.o
 .text._ZN7arduino7msgpack6Packer12packRawBytesEPKhj
                0x0000000000004a80       0x20 C:\Users\bjsek\Documents\GitHub\robocup-embedded\robocup\robocup\build\build_unoq\sketch\robocup.ino.cpp.o
                0x0000000000004a80                arduino::msgpack::Packer::packRawBytes(unsigned char const*, unsigned int)
 .text._ZN7arduino7msgpack6Packer9packUInt7Eh
                0x0000000000004aa0       0x24 C:\Users\bjsek\Documents\GitHub\robocup-embedded\robocup\robocup\build\build_unoq\sketch\robocup.ino.cpp.o
                0x0000000000004aa0                arduino::msgpack::Packer::packUInt7(unsigned char)
 .text._ZNSt6vectorIhSaIhEE12emplace_backIJhEEERhDpOT_.isra.0
                0x0000000000004ac4       0x90 C:\Users\bjsek\Documents\GitHub\robocup-embedded\robocup\robocup\build\build_unoq\sketch\robocup.ino.cpp.o
 .text._ZN7arduino7msgpack6Packer11packRawByteERKNS0_4TypeE.isra.0
                0x0000000000004b54       0x18 C:\Users\bjsek\Documents\GitHub\robocup-embedded\robocup\robocup\build\build_unoq\sketch\robocup.ino.cpp.o
 .text._ZNSt6vectorIhSaIhEE12emplace_backIJRhEEES3_DpOT_.isra.0
                0x0000000000004b6c       0x90 C:\Users\bjsek\Documents\GitHub\robocup-embedded\robocup\robocup\build\build_unoq\sketch\robocup.ino.cpp.o
 .text._ZN7arduino7msgpack6Packer11packIntegerIjEENSt9enable_ifIXaaaaaasrSt13is_arithmeticIT_E5valuesrSt11is_integralIS5_E5valuentsrSt7is_sameIS5_bE5valuentsrS9_INSt9remove_cvIS5_E4typeEPcE5valueEvE4typeERKS5_.isra.0
                0x0000000000004bfc       0x3c C:\Users\bjsek\Documents\GitHub\robocup-embedded\robocup\robocup\build\build_unoq\sketch\robocup.ino.cpp.o
 .text._ZN7arduino7msgpack6Packer11packIntegerIiEENSt9enable_ifIXaaaaaasrSt13is_arithmeticIT_E5valuesrSt11is_integralIS5_E5valuentsrSt7is_sameIS5_bE5valuentsrS9_INSt9remove_cvIS5_E4typeEPcE5valueEvE4typeERKS5_.isra.0
                0x0000000000004c38       0xc0 C:\Users\bjsek\Documents\GitHub\robocup-embedded\robocup\robocup\build\build_unoq\sketch\robocup.ino.cpp.o
 .text._ZN7arduino7msgpack6Packer9serializeIJRKiRjRKNS_6StringEEEEvRKNS0_4type9ArraySizeEDpOT_.isra.0
                0x0000000000004cf8       0x38 C:\Users\bjsek\Documents\GitHub\robocup-embedded\robocup\robocup\build\build_unoq\sketch\robocup.ino.cpp.o
 .text._ZN9RPCClient8send_rpcIJEEEbRKN7arduino6StringERjDpOT_.isra.0
                0x0000000000004d30       0x74 C:\Users\bjsek\Documents\GitHub\robocup-embedded\robocup\robocup\build\build_unoq\sketch\robocup.ino.cpp.o
 .text._ZN9RPCClient8send_rpcIJRKjEEEbRKN7arduino6StringERjDpOT_.isra.0
                0x0000000000004da4       0x84 C:\Users\bjsek\Documents\GitHub\robocup-embedded\robocup\robocup\build\build_unoq\sketch\robocup.ino.cpp.o
 .text._ZN9RPCClient8send_rpcIJRKjRKSt6vectorIhSaIhEEEEEbRKN7arduino6StringERjDpOT_.isra.0
                0x0000000000004e28       0xf8 C:\Users\bjsek\Documents\GitHub\robocup-embedded\robocup\robocup\build\build_unoq\sketch\robocup.ino.cpp.o
 .text._ZN11BridgeClass6notifyIJiEEEvN7arduino6StringEDpOT_
                0x0000000000004f20       0xac C:\Users\bjsek\Documents\GitHub\robocup-embedded\robocup\robocup\build\build_unoq\sketch\robocup.ino.cpp.o
                0x0000000000004f20                void BridgeClass::notify<int>(arduino::String, int&&)
 .text._ZNK9RPCServer13send_responseILj256EEEbRK10RPCRequestIXT_EE.isra.0
                0x0000000000004fcc       0x24 C:\Users\bjsek\Documents\GitHub\robocup-embedded\robocup\robocup\build\build_unoq\sketch\robocup.ino.cpp.o
 .text._ZN7RpcCallIJRN7arduino6StringERtEE8setErrorEiS1_
                0x0000000000004ff0       0x40 C:\Users\bjsek\Documents\GitHub\robocup-embedded\robocup\robocup\build\build_unoq\sketch\robocup.ino.cpp.o
                0x0000000000004ff0                RpcCall<arduino::String&, unsigned short&>::setError(int, arduino::String)
 .text._ZN7RpcCallIJRN7arduino6StringERtEEC2ERKS1_P9RPCClientP7k_mutexSA_S2_S3_
                0x0000000000005030       0x84 C:\Users\bjsek\Documents\GitHub\robocup-embedded\robocup\robocup\build\build_unoq\sketch\robocup.ino.cpp.o
                0x0000000000005030                RpcCall<arduino::String&, unsigned short&>::RpcCall(arduino::String const&, RPCClient*, k_mutex*, k_mutex*, arduino::String&, unsigned short&)
                0x0000000000005030                RpcCall<arduino::String&, unsigned short&>::RpcCall(arduino::String const&, RPCClient*, k_mutex*, k_mutex*, arduino::String&, unsigned short&)
 .text._ZN7RpcCallIJRN7arduino6StringERtEE7isErrorEv
                0x00000000000050b4       0x34 C:\Users\bjsek\Documents\GitHub\robocup-embedded\robocup\robocup\build\build_unoq\sketch\robocup.ino.cpp.o
                0x00000000000050b4                RpcCall<arduino::String&, unsigned short&>::isError()
 .text._ZN7arduino7msgpack6Packer9serializeINS_6StringEJRKtEEENSt9enable_ifIXoooontsrSt10is_pointerIT_E5valuesrSt7is_sameIS8_PKcE5valuesrSA_IS8_PKNS_19__FlashStringHelperEE5valueEvE4typeERKS8_DpOT0_
                0x00000000000050e8       0x40 C:\Users\bjsek\Documents\GitHub\robocup-embedded\robocup\robocup\build\build_unoq\sketch\robocup.ino.cpp.o
                0x00000000000050e8                std::enable_if<((!std::is_pointer<arduino::String>::value)||std::is_same<arduino::String, char const*>::value)||std::is_same<arduino::String, arduino::__FlashStringHelper const*>::value, void>::type arduino::msgpack::Packer::serialize<arduino::String, unsigned short const&>(arduino::String const&, unsigned short const&)
 .text._ZN9RPCClient8send_rpcIJRKjRKN7arduino6StringERKtEEEbS6_RjDpOT_.isra.0
                0x0000000000005128       0x90 C:\Users\bjsek\Documents\GitHub\robocup-embedded\robocup\robocup\build\build_unoq\sketch\robocup.ino.cpp.o
 .text._ZN9RPCClient8send_rpcIJRKN7arduino6StringERKtEEEbS4_RjDpOT_.isra.0
                0x00000000000051b8       0x84 C:\Users\bjsek\Documents\GitHub\robocup-embedded\robocup\robocup\build\build_unoq\sketch\robocup.ino.cpp.o
 .text._ZN7arduino7msgpack8Unpacker11deserializeIjJEEEbRT_DpOT0_
                0x000000000000523c       0x40 C:\Users\bjsek\Documents\GitHub\robocup-embedded\robocup\robocup\build\build_unoq\sketch\robocup.ino.cpp.o
                0x000000000000523c                bool arduino::msgpack::Unpacker::deserialize<unsigned int>(unsigned int&)
 .text._ZN10RpcDecoderILj1024EE12get_responseIN7arduino6StringEEEbjRT_R8RpcError
                0x000000000000527c      0x17c C:\Users\bjsek\Documents\GitHub\robocup-embedded\robocup\robocup\build\build_unoq\sketch\robocup.ino.cpp.o
                0x000000000000527c                bool RpcDecoder<1024u>::get_response<arduino::String>(unsigned int, arduino::String&, RpcError&)
 .text._ZN10RpcDecoderILj1024EE12get_responseIjEEbjRT_R8RpcError
                0x00000000000053f8      0x17c C:\Users\bjsek\Documents\GitHub\robocup-embedded\robocup\robocup\build\build_unoq\sketch\robocup.ino.cpp.o
                0x00000000000053f8                bool RpcDecoder<1024u>::get_response<unsigned int>(unsigned int, unsigned int&, RpcError&)
 .text._ZN11BridgeClass6updateEv
                0x0000000000005574       0xb0 C:\Users\bjsek\Documents\GitHub\robocup-embedded\robocup\robocup\build\build_unoq\sketch\robocup.ino.cpp.o
                0x0000000000005574                BridgeClass::update()
 .text._Z16updateEntryPointPvS_S_
                0x0000000000005624       0x28 C:\Users\bjsek\Documents\GitHub\robocup-embedded\robocup\robocup\build\build_unoq\sketch\robocup.ino.cpp.o
                0x0000000000005624                updateEntryPoint(void*, void*, void*)
 .text._ZN9RPCClient12get_responseIjEEbjRT_R8RpcError
                0x000000000000564c       0x38 C:\Users\bjsek\Documents\GitHub\robocup-embedded\robocup\robocup\build\build_unoq\sketch\robocup.ino.cpp.o
                0x000000000000564c                bool RPCClient::get_response<unsigned int>(unsigned int, unsigned int&, RpcError&)
 .text._ZN7RpcCallIJRN7arduino6StringERtEE6resultIjEEbRT_
                0x0000000000005684      0x11c C:\Users\bjsek\Documents\GitHub\robocup-embedded\robocup\robocup\build\build_unoq\sketch\robocup.ino.cpp.o
                0x0000000000005684                bool RpcCall<arduino::String&, unsigned short&>::result<unsigned int>(unsigned int&)
 .text._ZN7RpcCallIJRN7arduino6StringERtEED2Ev
                0x00000000000057a0      0x11c C:\Users\bjsek\Documents\GitHub\robocup-embedded\robocup\robocup\build\build_unoq\sketch\robocup.ino.cpp.o
                0x00000000000057a0                RpcCall<arduino::String&, unsigned short&>::~RpcCall()
                0x00000000000057a0                RpcCall<arduino::String&, unsigned short&>::~RpcCall()
 .text._ZN7RpcCallIJEED2Ev
                0x00000000000058bc       0xfc C:\Users\bjsek\Documents\GitHub\robocup-embedded\robocup\robocup\build\build_unoq\sketch\robocup.ino.cpp.o
                0x00000000000058bc                RpcCall<>::~RpcCall()
                0x00000000000058bc                RpcCall<>::~RpcCall()
 .text._ZN9RPCClient12get_responseIbEEbjRT_R8RpcError
                0x00000000000059b8       0x38 C:\Users\bjsek\Documents\GitHub\robocup-embedded\robocup\robocup\build\build_unoq\sketch\robocup.ino.cpp.o
                0x00000000000059b8                bool RPCClient::get_response<bool>(unsigned int, bool&, RpcError&)
 .text._ZN7RpcCallIJEE6resultIbEEbRT_
                0x00000000000059f0       0xf4 C:\Users\bjsek\Documents\GitHub\robocup-embedded\robocup\robocup\build\build_unoq\sketch\robocup.ino.cpp.o
                0x00000000000059f0                bool RpcCall<>::result<bool>(bool&)
 .text._ZN11BridgeClass5beginEm
                0x0000000000005ae4      0x1e0 C:\Users\bjsek\Documents\GitHub\robocup-embedded\robocup\robocup\build\build_unoq\sketch\robocup.ino.cpp.o
                0x0000000000005ae4                BridgeClass::begin(unsigned long)
 .text._ZN9BridgeUDPILj4096EE4initEv
                0x0000000000005cc4       0x30 C:\Users\bjsek\Documents\GitHub\robocup-embedded\robocup\robocup\build\build_unoq\sketch\robocup.ino.cpp.o
                0x0000000000005cc4                BridgeUDP<4096u>::init()
 .text._ZN9BridgeUDPILj4096EE5beginEt
                0x0000000000005cf4       0xd8 C:\Users\bjsek\Documents\GitHub\robocup-embedded\robocup\robocup\build\build_unoq\sketch\robocup.ino.cpp.o
                0x0000000000005cf4                BridgeUDP<4096u>::begin(unsigned short)
 .text._ZN9BridgeUDPILj4096EE14beginMulticastEN7arduino9IPAddressEt
                0x0000000000005dcc       0xd8 C:\Users\bjsek\Documents\GitHub\robocup-embedded\robocup\robocup\build\build_unoq\sketch\robocup.ino.cpp.o
                0x0000000000005dcc                BridgeUDP<4096u>::beginMulticast(arduino::IPAddress, unsigned short)
 .text._ZN9RPCClient12get_responseIN7arduino6StringEEEbjRT_R8RpcError
                0x0000000000005ea4       0x38 C:\Users\bjsek\Documents\GitHub\robocup-embedded\robocup\robocup\build\build_unoq\sketch\robocup.ino.cpp.o
                0x0000000000005ea4                bool RPCClient::get_response<arduino::String>(unsigned int, arduino::String&, RpcError&)
 .text._ZN7RpcCallIJEE6resultIN7arduino6StringEEEbRT_
                0x0000000000005edc       0xf4 C:\Users\bjsek\Documents\GitHub\robocup-embedded\robocup\robocup\build\build_unoq\sketch\robocup.ino.cpp.o
                0x0000000000005edc                bool RpcCall<>::result<arduino::String>(arduino::String&)
 .text.setup    0x0000000000005fd0      0x17c C:\Users\bjsek\Documents\GitHub\robocup-embedded\robocup\robocup\build\build_unoq\sketch\robocup.ino.cpp.o
                0x0000000000005fd0                setup
 .text._ZN9BridgeUDPILj4096EE9connectedEv
                0x000000000000614c       0x34 C:\Users\bjsek\Documents\GitHub\robocup-embedded\robocup\robocup\build\build_unoq\sketch\robocup.ino.cpp.o
                0x000000000000614c                BridgeUDP<4096u>::connected()
 .text._ZN7arduino11RingBufferNILi4096EE9read_charEv
                0x0000000000006180       0x24 C:\Users\bjsek\Documents\GitHub\robocup-embedded\robocup\robocup\build\build_unoq\sketch\robocup.ino.cpp.o
                0x0000000000006180                arduino::RingBufferN<4096>::read_char()
 .text._ZN7RpcCallIJRjRSt6vectorIhSaIhEEEE8setErrorEiN7arduino6StringE
                0x00000000000061a4       0x40 C:\Users\bjsek\Documents\GitHub\robocup-embedded\robocup\robocup\build\build_unoq\sketch\robocup.ino.cpp.o
                0x00000000000061a4                RpcCall<unsigned int&, std::vector<unsigned char, std::allocator<unsigned char> >&>::setError(int, arduino::String)
 .text._ZN7RpcCallIJRjRSt6vectorIhSaIhEEEE7isErrorEv
                0x00000000000061e4       0x34 C:\Users\bjsek\Documents\GitHub\robocup-embedded\robocup\robocup\build\build_unoq\sketch\robocup.ino.cpp.o
                0x00000000000061e4                RpcCall<unsigned int&, std::vector<unsigned char, std::allocator<unsigned char> >&>::isError()
 .text._ZN7RpcCallIJRjRSt6vectorIhSaIhEEEE6resultIjEEbRT_
                0x0000000000006218      0x11c C:\Users\bjsek\Documents\GitHub\robocup-embedded\robocup\robocup\build\build_unoq\sketch\robocup.ino.cpp.o
                0x0000000000006218                bool RpcCall<unsigned int&, std::vector<unsigned char, std::allocator<unsigned char> >&>::result<unsigned int>(unsigned int&)
 .text._ZN9BridgeUDPILj4096EE5writeEPKhj
                0x0000000000006334      0x218 C:\Users\bjsek\Documents\GitHub\robocup-embedded\robocup\robocup\build\build_unoq\sketch\robocup.ino.cpp.o
                0x0000000000006334                BridgeUDP<4096u>::write(unsigned char const*, unsigned int)
 .text._ZN9BridgeUDPILj4096EE5writeEh
                0x000000000000654c       0x1c C:\Users\bjsek\Documents\GitHub\robocup-embedded\robocup\robocup\build\build_unoq\sketch\robocup.ino.cpp.o
                0x000000000000654c                BridgeUDP<4096u>::write(unsigned char)
 .text._ZN7RpcCallIJRjEE6resultIbEEbRT_.part.0
                0x0000000000006568       0x34 C:\Users\bjsek\Documents\GitHub\robocup-embedded\robocup\robocup\build\build_unoq\sketch\robocup.ino.cpp.o
 .text._ZN7RpcCallIJRjEEC2ERKN7arduino6StringEP9RPCClientP7k_mutexS9_S0_
                0x000000000000659c       0x80 C:\Users\bjsek\Documents\GitHub\robocup-embedded\robocup\robocup\build\build_unoq\sketch\robocup.ino.cpp.o
                0x000000000000659c                RpcCall<unsigned int&>::RpcCall(arduino::String const&, RPCClient*, k_mutex*, k_mutex*, unsigned int&)
                0x000000000000659c                RpcCall<unsigned int&>::RpcCall(arduino::String const&, RPCClient*, k_mutex*, k_mutex*, unsigned int&)
 .text._ZN7RpcCallIJRjEE6resultIN7arduino6StringEEEbRT_
                0x000000000000661c       0xf8 C:\Users\bjsek\Documents\GitHub\robocup-embedded\robocup\robocup\build\build_unoq\sketch\robocup.ino.cpp.o
                0x000000000000661c                bool RpcCall<unsigned int&>::result<arduino::String>(arduino::String&)
 .text._ZN9BridgeUDPILj4096EE4stopEv
                0x0000000000006714       0xa0 C:\Users\bjsek\Documents\GitHub\robocup-embedded\robocup\robocup\build\build_unoq\sketch\robocup.ino.cpp.o
                0x0000000000006714                BridgeUDP<4096u>::stop()
 .text._ZN7RpcCallIJRjRN7arduino6StringERtEE8setErrorEiS2_
                0x00000000000067b4       0x40 C:\Users\bjsek\Documents\GitHub\robocup-embedded\robocup\robocup\build\build_unoq\sketch\robocup.ino.cpp.o
                0x00000000000067b4                RpcCall<unsigned int&, arduino::String&, unsigned short&>::setError(int, arduino::String)
 .text._ZN7RpcCallIJRjRN7arduino6StringERtEE7isErrorEv
                0x00000000000067f4       0x34 C:\Users\bjsek\Documents\GitHub\robocup-embedded\robocup\robocup\build\build_unoq\sketch\robocup.ino.cpp.o
                0x00000000000067f4                RpcCall<unsigned int&, arduino::String&, unsigned short&>::isError()
 .text._ZN7RpcCallIJRjRN7arduino6StringERtEE6resultIbEEbRT_
                0x0000000000006828      0x120 C:\Users\bjsek\Documents\GitHub\robocup-embedded\robocup\robocup\build\build_unoq\sketch\robocup.ino.cpp.o
                0x0000000000006828                bool RpcCall<unsigned int&, arduino::String&, unsigned short&>::result<bool>(bool&)
 .text._ZN9BridgeUDPILj4096EE11beginPacketEPKct
                0x0000000000006948      0x1f0 C:\Users\bjsek\Documents\GitHub\robocup-embedded\robocup\robocup\build\build_unoq\sketch\robocup.ino.cpp.o
                0x0000000000006948                BridgeUDP<4096u>::beginPacket(char const*, unsigned short)
 .text._ZN9BridgeUDPILj4096EE11beginPacketEN7arduino9IPAddressEt
                0x0000000000006b38       0x34 C:\Users\bjsek\Documents\GitHub\robocup-embedded\robocup\robocup\build\build_unoq\sketch\robocup.ino.cpp.o
                0x0000000000006b38                BridgeUDP<4096u>::beginPacket(arduino::IPAddress, unsigned short)
 .text._ZN10RpcDecoderILj1024EE12get_responseIiEEbjRT_R8RpcError
                0x0000000000006b6c      0x17c C:\Users\bjsek\Documents\GitHub\robocup-embedded\robocup\robocup\build\build_unoq\sketch\robocup.ino.cpp.o
                0x0000000000006b6c                bool RpcDecoder<1024u>::get_response<int>(unsigned int, int&, RpcError&)
 .text._ZN7RpcCallIJRjEE6resultIiEEbRT_
                0x0000000000006ce8      0x110 C:\Users\bjsek\Documents\GitHub\robocup-embedded\robocup\robocup\build\build_unoq\sketch\robocup.ino.cpp.o
                0x0000000000006ce8                bool RpcCall<unsigned int&>::result<int>(int&)
 .text._ZN9BridgeUDPILj4096EE9endPacketEv
                0x0000000000006df8       0xbc C:\Users\bjsek\Documents\GitHub\robocup-embedded\robocup\robocup\build\build_unoq\sketch\robocup.ino.cpp.o
                0x0000000000006df8                BridgeUDP<4096u>::endPacket()
 .text._ZN9BridgeUDPILj4096EE9availableEv
                0x0000000000006eb4       0x44 C:\Users\bjsek\Documents\GitHub\robocup-embedded\robocup\robocup\build\build_unoq\sketch\robocup.ino.cpp.o
                0x0000000000006eb4                BridgeUDP<4096u>::available()
 .text._ZN9BridgeUDPILj4096EE4readEPhj
                0x0000000000006ef8       0x7c C:\Users\bjsek\Documents\GitHub\robocup-embedded\robocup\robocup\build\build_unoq\sketch\robocup.ino.cpp.o
                0x0000000000006ef8                BridgeUDP<4096u>::read(unsigned char*, unsigned int)
 .text._ZN9BridgeUDPILj4096EE4readEv
                0x0000000000006f74       0x1c C:\Users\bjsek\Documents\GitHub\robocup-embedded\robocup\robocup\build\build_unoq\sketch\robocup.ino.cpp.o
                0x0000000000006f74                BridgeUDP<4096u>::read()
 .text._GLOBAL__sub_I_udp
                0x0000000000006f90       0xe4 C:\Users\bjsek\Documents\GitHub\robocup-embedded\robocup\robocup\build\build_unoq\sketch\robocup.ino.cpp.o
 .text._GLOBAL__sub_D_udp
                0x0000000000007074       0x50 C:\Users\bjsek\Documents\GitHub\robocup-embedded\robocup\robocup\build\build_unoq\sketch\robocup.ino.cpp.o
 .text._ZN7arduino5Print5flushEv
                0x00000000000070c4        0x2 C:\Users\bjsek\Documents\GitHub\robocup-embedded\robocup\robocup\build\build_unoq\libraries\Arduino_RouterBridge\singletons.cpp.o
                0x00000000000070c4                arduino::Print::flush()
 .text._ZN13BridgeMonitorILj512EE5writeEh
                0x00000000000070c6       0x18 C:\Users\bjsek\Documents\GitHub\robocup-embedded\robocup\robocup\build\build_unoq\libraries\Arduino_RouterBridge\singletons.cpp.o
                0x00000000000070c6                BridgeMonitor<512u>::write(unsigned char)
 *fill*         0x00000000000070de        0x2 
 .text.k_yield  0x00000000000070e0        0x8 C:\Users\bjsek\Documents\GitHub\robocup-embedded\robocup\robocup\build\build_unoq\libraries\Arduino_RouterBridge\singletons.cpp.o
 .text.k_mutex_lock
                0x00000000000070e8        0x8 C:\Users\bjsek\Documents\GitHub\robocup-embedded\robocup\robocup\build\build_unoq\libraries\Arduino_RouterBridge\singletons.cpp.o
 .text._ZSt14__relocate_a_1IhhENSt9enable_ifIXsrSt24__is_bitwise_relocatableIT_vE5valueEPS2_E4typeES4_S4_S4_RSaIT0_E.isra.0
                0x00000000000070f0       0x20 C:\Users\bjsek\Documents\GitHub\robocup-embedded\robocup\robocup\build\build_unoq\libraries\Arduino_RouterBridge\singletons.cpp.o
 .text._ZNSt12_Vector_baseIhSaIhEE11_M_allocateEj.isra.0
                0x0000000000007110       0x20 C:\Users\bjsek\Documents\GitHub\robocup-embedded\robocup\robocup\build\build_unoq\libraries\Arduino_RouterBridge\singletons.cpp.o
 .text.k_mutex_unlock.isra.0
                0x0000000000007130        0x8 C:\Users\bjsek\Documents\GitHub\robocup-embedded\robocup\robocup\build\build_unoq\libraries\Arduino_RouterBridge\singletons.cpp.o
 .text._ZN7RpcCallIJRN7arduino6StringEEE7isErrorEv.isra.0
                0x0000000000007138       0x28 C:\Users\bjsek\Documents\GitHub\robocup-embedded\robocup\robocup\build\build_unoq\libraries\Arduino_RouterBridge\singletons.cpp.o
 .text._ZN13BridgeMonitorILj512EE4readEv
                0x0000000000007160       0x68 C:\Users\bjsek\Documents\GitHub\robocup-embedded\robocup\robocup\build\build_unoq\libraries\Arduino_RouterBridge\singletons.cpp.o
                0x0000000000007160                BridgeMonitor<512u>::read()
 .text._ZN13BridgeMonitorILj512EE4peekEv
                0x00000000000071c8       0x44 C:\Users\bjsek\Documents\GitHub\robocup-embedded\robocup\robocup\build\build_unoq\libraries\Arduino_RouterBridge\singletons.cpp.o
                0x00000000000071c8                BridgeMonitor<512u>::peek()
 .text.k_msleep.constprop.0.isra.0
                0x000000000000720c        0xc C:\Users\bjsek\Documents\GitHub\robocup-embedded\robocup\robocup\build\build_unoq\libraries\Arduino_RouterBridge\singletons.cpp.o
 .text._ZNSt6vectorIhSaIhEE12emplace_backIJRKhEEERhDpOT_.isra.0
                0x0000000000007218       0x90 C:\Users\bjsek\Documents\GitHub\robocup-embedded\robocup\robocup\build\build_unoq\libraries\Arduino_RouterBridge\singletons.cpp.o
 .text._ZNSt6vectorIhSaIhEE12emplace_backIJhEEERhDpOT_.isra.0
                0x00000000000072a8       0x90 C:\Users\bjsek\Documents\GitHub\robocup-embedded\robocup\robocup\build\build_unoq\libraries\Arduino_RouterBridge\singletons.cpp.o
 .text._ZN7arduino7msgpack6Packer11packRawByteERKNS0_4TypeE.isra.0
                0x0000000000007338       0x18 C:\Users\bjsek\Documents\GitHub\robocup-embedded\robocup\robocup\build\build_unoq\libraries\Arduino_RouterBridge\singletons.cpp.o
 .text._ZNSt6vectorIhSaIhEE12emplace_backIJRhEEES3_DpOT_.isra.0
                0x0000000000007350       0x90 C:\Users\bjsek\Documents\GitHub\robocup-embedded\robocup\robocup\build\build_unoq\libraries\Arduino_RouterBridge\singletons.cpp.o
 .text._ZN7arduino7msgpack6Packer11packIntegerIjEENSt9enable_ifIXaaaaaasrSt13is_arithmeticIT_E5valuesrSt11is_integralIS5_E5valuentsrSt7is_sameIS5_bE5valuentsrS9_INSt9remove_cvIS5_E4typeEPcE5valueEvE4typeERKS5_.isra.0
                0x00000000000073e0       0x50 C:\Users\bjsek\Documents\GitHub\robocup-embedded\robocup\robocup\build\build_unoq\libraries\Arduino_RouterBridge\singletons.cpp.o
 .text._ZN7arduino7msgpack6Packer11packIntegerIiEENSt9enable_ifIXaaaaaasrSt13is_arithmeticIT_E5valuesrSt11is_integralIS5_E5valuentsrSt7is_sameIS5_bE5valuentsrS9_INSt9remove_cvIS5_E4typeEPcE5valueEvE4typeERKS5_.isra.0
                0x0000000000007430       0xb8 C:\Users\bjsek\Documents\GitHub\robocup-embedded\robocup\robocup\build\build_unoq\libraries\Arduino_RouterBridge\singletons.cpp.o
 .text._ZN9RPCClient8send_rpcIJRKN7arduino6StringEEEEbS4_RjDpOT_.isra.0
                0x00000000000074e8       0x90 C:\Users\bjsek\Documents\GitHub\robocup-embedded\robocup\robocup\build\build_unoq\libraries\Arduino_RouterBridge\singletons.cpp.o
 .text._ZN9RPCClient8send_rpcIJRKjEEEbRKN7arduino6StringERjDpOT_.isra.0
                0x0000000000007578       0x94 C:\Users\bjsek\Documents\GitHub\robocup-embedded\robocup\robocup\build\build_unoq\libraries\Arduino_RouterBridge\singletons.cpp.o
 .text._ZN11BridgeClass6notifyIJRN7arduino6StringEEEEvS2_DpOT_
                0x000000000000760c       0xac C:\Users\bjsek\Documents\GitHub\robocup-embedded\robocup\robocup\build\build_unoq\libraries\Arduino_RouterBridge\singletons.cpp.o
                0x000000000000760c                void BridgeClass::notify<arduino::String&>(arduino::String, arduino::String&)
 .text._ZN7RpcCallIJRN7arduino6StringEEE8setErrorEiS1_
                0x00000000000076b8       0x40 C:\Users\bjsek\Documents\GitHub\robocup-embedded\robocup\robocup\build\build_unoq\libraries\Arduino_RouterBridge\singletons.cpp.o
                0x00000000000076b8                RpcCall<arduino::String&>::setError(int, arduino::String)
 .text._ZN13BridgeMonitorILj512EE5writeEPKhj
                0x00000000000076f8      0x2b4 C:\Users\bjsek\Documents\GitHub\robocup-embedded\robocup\robocup\build\build_unoq\libraries\Arduino_RouterBridge\singletons.cpp.o
                0x00000000000076f8                BridgeMonitor<512u>::write(unsigned char const*, unsigned int)
 .text._ZN7RpcCallIJRjEE6resultISt6vectorIhSaIhEEEEbRT_
                0x00000000000079ac      0x134 C:\Users\bjsek\Documents\GitHub\robocup-embedded\robocup\robocup\build\build_unoq\libraries\Arduino_RouterBridge\singletons.cpp.o
                0x00000000000079ac                bool RpcCall<unsigned int&>::result<std::vector<unsigned char, std::allocator<unsigned char> > >(std::vector<unsigned char, std::allocator<unsigned char> >&)
 .text._ZN13BridgeMonitorILj512EE5_readEj
                0x0000000000007ae0      0x1f8 C:\Users\bjsek\Documents\GitHub\robocup-embedded\robocup\robocup\build\build_unoq\libraries\Arduino_RouterBridge\singletons.cpp.o
                0x0000000000007ae0                BridgeMonitor<512u>::_read(unsigned int)
 .text._ZN13BridgeMonitorILj512EE9availableEv
                0x0000000000007cd8       0x44 C:\Users\bjsek\Documents\GitHub\robocup-embedded\robocup\robocup\build\build_unoq\libraries\Arduino_RouterBridge\singletons.cpp.o
                0x0000000000007cd8                BridgeMonitor<512u>::available()
 .text._GLOBAL__sub_I_Bridge
                0x0000000000007d1c       0xf0 C:\Users\bjsek\Documents\GitHub\robocup-embedded\robocup\robocup\build\build_unoq\libraries\Arduino_RouterBridge\singletons.cpp.o
 .text._GLOBAL__sub_D_Bridge
                0x0000000000007e0c       0x2c C:\Users\bjsek\Documents\GitHub\robocup-embedded\robocup\robocup\build\build_unoq\libraries\Arduino_RouterBridge\singletons.cpp.o
 .text._ZNK7arduino9IPAddress7printToERNS_5PrintE
                0x0000000000007e38      0x170 C:\Users\bjsek\Documents\GitHub\robocup-embedded\robocup\robocup\build\build_unoq/core\core.a(IPAddress.cpp.o)
                0x0000000000007e38                arduino::IPAddress::printTo(arduino::Print&) const
 .text._ZN7arduino9IPAddressC2ENS_6IPTypeE
                0x0000000000007fa8       0x20 C:\Users\bjsek\Documents\GitHub\robocup-embedded\robocup\robocup\build\build_unoq/core\core.a(IPAddress.cpp.o)
                0x0000000000007fa8                arduino::IPAddress::IPAddress(arduino::IPType)
                0x0000000000007fa8                arduino::IPAddress::IPAddress(arduino::IPType)
 .text._ZN7arduino9IPAddressC2Ev
                0x0000000000007fc8       0x14 C:\Users\bjsek\Documents\GitHub\robocup-embedded\robocup\robocup\build\build_unoq/core\core.a(IPAddress.cpp.o)
                0x0000000000007fc8                arduino::IPAddress::IPAddress()
                0x0000000000007fc8                arduino::IPAddress::IPAddress()
 .text._ZN7arduino9IPAddressC2Ehhhh
                0x0000000000007fdc       0x24 C:\Users\bjsek\Documents\GitHub\robocup-embedded\robocup\robocup\build\build_unoq/core\core.a(IPAddress.cpp.o)
                0x0000000000007fdc                arduino::IPAddress::IPAddress(unsigned char, unsigned char, unsigned char, unsigned char)
                0x0000000000007fdc                arduino::IPAddress::IPAddress(unsigned char, unsigned char, unsigned char, unsigned char)
 .text._ZNK7arduino9IPAddress9toString4Ev
                0x0000000000008000       0x3c C:\Users\bjsek\Documents\GitHub\robocup-embedded\robocup\robocup\build\build_unoq/core\core.a(IPAddress.cpp.o)
                0x0000000000008000                arduino::IPAddress::toString4() const
 .text._ZNK7arduino9IPAddress9toString6Ev
                0x000000000000803c       0x68 C:\Users\bjsek\Documents\GitHub\robocup-embedded\robocup\robocup\build\build_unoq/core\core.a(IPAddress.cpp.o)
                0x000000000000803c                arduino::IPAddress::toString6() const
 .text._ZNK7arduino9IPAddress8toStringEv
                0x00000000000080a4       0x1c C:\Users\bjsek\Documents\GitHub\robocup-embedded\robocup\robocup\build\build_unoq/core\core.a(IPAddress.cpp.o)
                0x00000000000080a4                arduino::IPAddress::toString() const
 .text._ZN7arduino9IPAddress11fromString4EPKc
                0x00000000000080c0       0x70 C:\Users\bjsek\Documents\GitHub\robocup-embedded\robocup\robocup\build\build_unoq/core\core.a(IPAddress.cpp.o)
                0x00000000000080c0                arduino::IPAddress::fromString4(char const*)
 .text._ZN7arduino9IPAddress11fromString6EPKc
                0x0000000000008130      0x108 C:\Users\bjsek\Documents\GitHub\robocup-embedded\robocup\robocup\build\build_unoq/core\core.a(IPAddress.cpp.o)
                0x0000000000008130                arduino::IPAddress::fromString6(char const*)
 .text._ZN7arduino9IPAddress10fromStringEPKc
                0x0000000000008238       0x24 C:\Users\bjsek\Documents\GitHub\robocup-embedded\robocup\robocup\build\build_unoq/core\core.a(IPAddress.cpp.o)
                0x0000000000008238                arduino::IPAddress::fromString(char const*)
 .text._GLOBAL__sub_I__ZN7arduino9IPAddressC2Ev
                0x000000000000825c       0x2c C:\Users\bjsek\Documents\GitHub\robocup-embedded\robocup\robocup\build\build_unoq/core\core.a(IPAddress.cpp.o)
 .text._ZN7arduino5Print5writeEPKc
                0x0000000000008288       0x24 C:\Users\bjsek\Documents\GitHub\robocup-embedded\robocup\robocup\build\build_unoq/core\core.a(Print.cpp.o)
                0x0000000000008288                arduino::Print::write(char const*)
 .text._ZN7arduino5Print5printEPKc
                0x00000000000082ac        0xc C:\Users\bjsek\Documents\GitHub\robocup-embedded\robocup\robocup\build\build_unoq/core\core.a(Print.cpp.o)
                0x00000000000082ac                arduino::Print::print(char const*)
 .text._ZN7arduino5Print5printEc
                0x00000000000082b8        0x6 C:\Users\bjsek\Documents\GitHub\robocup-embedded\robocup\robocup\build\build_unoq/core\core.a(Print.cpp.o)
                0x00000000000082b8                arduino::Print::print(char)
 *fill*         0x00000000000082be        0x2 
 .text._ZN7arduino5Print7printlnEv
                0x00000000000082c0       0x14 C:\Users\bjsek\Documents\GitHub\robocup-embedded\robocup\robocup\build\build_unoq/core\core.a(Print.cpp.o)
                0x00000000000082c0                arduino::Print::println()
 .text._ZN7arduino5Print7printlnEPKNS_19__FlashStringHelperE
                0x00000000000082d4       0x1c C:\Users\bjsek\Documents\GitHub\robocup-embedded\robocup\robocup\build\build_unoq/core\core.a(Print.cpp.o)
                0x00000000000082d4                arduino::Print::println(arduino::__FlashStringHelper const*)
 .text._ZN7arduino5Print7printlnEPKc
                0x00000000000082f0        0x8 C:\Users\bjsek\Documents\GitHub\robocup-embedded\robocup\robocup\build\build_unoq/core\core.a(Print.cpp.o)
                0x00000000000082f0                arduino::Print::println(char const*)
 .text._ZN7arduino5Print11printNumberEmh
                0x00000000000082f8       0x40 C:\Users\bjsek\Documents\GitHub\robocup-embedded\robocup\robocup\build\build_unoq/core\core.a(Print.cpp.o)
                0x00000000000082f8                arduino::Print::printNumber(unsigned long, unsigned char)
 .text._ZN7arduino5Print5printEmi
                0x0000000000008338       0x20 C:\Users\bjsek\Documents\GitHub\robocup-embedded\robocup\robocup\build\build_unoq/core\core.a(Print.cpp.o)
                0x0000000000008338                arduino::Print::print(unsigned long, int)
 .text._ZN7arduino5Print5printEhi
                0x0000000000008358        0x8 C:\Users\bjsek\Documents\GitHub\robocup-embedded\robocup\robocup\build\build_unoq/core\core.a(Print.cpp.o)
                0x0000000000008358                arduino::Print::print(unsigned char, int)
 .text._ZN7arduino6Stream9timedReadEv
                0x0000000000008360       0x2c C:\Users\bjsek\Documents\GitHub\robocup-embedded\robocup\robocup\build\build_unoq/core\core.a(Stream.cpp.o)
                0x0000000000008360                arduino::Stream::timedRead()
 .text._ZN7arduino6Stream10setTimeoutEm
                0x000000000000838c        0x4 C:\Users\bjsek\Documents\GitHub\robocup-embedded\robocup\robocup\build\build_unoq/core\core.a(Stream.cpp.o)
                0x000000000000838c                arduino::Stream::setTimeout(unsigned long)
 .text._ZN7arduino6Stream9readBytesEPcj
                0x0000000000008390       0x2c C:\Users\bjsek\Documents\GitHub\robocup-embedded\robocup\robocup\build\build_unoq/core\core.a(Stream.cpp.o)
                0x0000000000008390                arduino::Stream::readBytes(char*, unsigned int)
 .text._ZN7arduino6StringC2EOS0_
                0x00000000000083bc       0x16 C:\Users\bjsek\Documents\GitHub\robocup-embedded\robocup\robocup\build\build_unoq/core\core.a(String.cpp.o)
                0x00000000000083bc                arduino::String::String(arduino::String&&)
                0x00000000000083bc                arduino::String::String(arduino::String&&)
 *fill*         0x00000000000083d2        0x2 
 .text._ZN7arduino6StringD2Ev
                0x00000000000083d4       0x14 C:\Users\bjsek\Documents\GitHub\robocup-embedded\robocup\robocup\build\build_unoq/core\core.a(String.cpp.o)
                0x00000000000083d4                arduino::String::~String()
                0x00000000000083d4                arduino::String::~String()
 .text._ZN7arduino6String10invalidateEv
                0x00000000000083e8       0x1c C:\Users\bjsek\Documents\GitHub\robocup-embedded\robocup\robocup\build\build_unoq/core\core.a(String.cpp.o)
                0x00000000000083e8                arduino::String::invalidate()
 .text._ZN7arduino6String12changeBufferEj
                0x0000000000008404       0x1c C:\Users\bjsek\Documents\GitHub\robocup-embedded\robocup\robocup\build\build_unoq/core\core.a(String.cpp.o)
                0x0000000000008404                arduino::String::changeBuffer(unsigned int)
 .text._ZN7arduino6String7reserveEj
                0x0000000000008420       0x28 C:\Users\bjsek\Documents\GitHub\robocup-embedded\robocup\robocup\build\build_unoq/core\core.a(String.cpp.o)
                0x0000000000008420                arduino::String::reserve(unsigned int)
 .text._ZN7arduino6String4copyEPKcj
                0x0000000000008448       0x3c C:\Users\bjsek\Documents\GitHub\robocup-embedded\robocup\robocup\build\build_unoq/core\core.a(String.cpp.o)
                0x0000000000008448                arduino::String::copy(char const*, unsigned int)
 .text._ZN7arduino6StringC2EPKc
                0x0000000000008484       0x2c C:\Users\bjsek\Documents\GitHub\robocup-embedded\robocup\robocup\build\build_unoq/core\core.a(String.cpp.o)
                0x0000000000008484                arduino::String::String(char const*)
                0x0000000000008484                arduino::String::String(char const*)
 .text._ZN7arduino6String4moveERS0_
                0x00000000000084b0       0x2c C:\Users\bjsek\Documents\GitHub\robocup-embedded\robocup\robocup\build\build_unoq/core\core.a(String.cpp.o)
                0x00000000000084b0                arduino::String::move(arduino::String&)
 .text._ZN7arduino6StringaSERKS0_
                0x00000000000084dc       0x28 C:\Users\bjsek\Documents\GitHub\robocup-embedded\robocup\robocup\build\build_unoq/core\core.a(String.cpp.o)
                0x00000000000084dc                arduino::String::operator=(arduino::String const&)
 .text._ZN7arduino6StringC2ERKS0_
                0x0000000000008504       0x18 C:\Users\bjsek\Documents\GitHub\robocup-embedded\robocup\robocup\build\build_unoq/core\core.a(String.cpp.o)
                0x0000000000008504                arduino::String::String(arduino::String const&)
                0x0000000000008504                arduino::String::String(arduino::String const&)
 .text._ZN7arduino6StringaSEOS0_
                0x000000000000851c       0x10 C:\Users\bjsek\Documents\GitHub\robocup-embedded\robocup\robocup\build\build_unoq/core\core.a(String.cpp.o)
                0x000000000000851c                arduino::String::operator=(arduino::String&&)
 .text._ZN7arduino6StringaSEPKc
                0x000000000000852c       0x30 C:\Users\bjsek\Documents\GitHub\robocup-embedded\robocup\robocup\build\build_unoq/core\core.a(String.cpp.o)
                0x000000000000852c                arduino::String::operator=(char const*)
 .text._ZN7arduino6String6concatEPKcj
                0x000000000000855c       0x40 C:\Users\bjsek\Documents\GitHub\robocup-embedded\robocup\robocup\build\build_unoq/core\core.a(String.cpp.o)
                0x000000000000855c                arduino::String::concat(char const*, unsigned int)
 .text._ZN7arduino6String6concatEc
                0x000000000000859c       0x1c C:\Users\bjsek\Documents\GitHub\robocup-embedded\robocup\robocup\build\build_unoq/core\core.a(String.cpp.o)
                0x000000000000859c                arduino::String::concat(char)
 .text._ZNK7arduino6String9compareToERKS0_